<html>
<body>
<pre>
<h1>µVision Build Log</h1>
<h2>Tool Versions:</h2>
IDE-Version: ¦ÌVision V5.42.0.0
Copyright (C) 2025 ARM Ltd and ARM Germany GmbH. All rights reserved.
License Information: qing Yang, ss, LIC=ZB4EI-TIFTF-HLWCL-01URP-QK6DE-DNBHI
 
Tool Versions:
Toolchain:       MDK-ARM Plus  Version: 5.42.0.0
Toolchain Path:  D:\keil_v5\ARM\ARMCLANG\Bin
C Compiler:      ArmClang.exe V6.23
Assembler:       Armasm.exe V6.23
Linker/Locator:  ArmLink.exe V6.23
Library Manager: ArmAr.exe V6.23
Hex Converter:   FromElf.exe V6.23
CPU DLL:         SARMCM3.DLL V5.42.0.0
Dialog DLL:      DARMCM1.DLL V1.19.6.0
Target DLL:      Segger\JL2CM3.dll V2.99.45.0
Dialog DLL:      TARMCM1.DLL V1.14.6.0
 
<h2>Project:</h2>
D:\profiles\TI\M0_SDK\mspm0_sdk_2_05_01_00\EDC_ti\Template\keil\empty_LP_MSPM0G3507_nortos_keil.uvprojx
Project File Date:  08/01/2025

<h2>Output:</h2>
*** Using Compiler 'V6.23', folder: 'D:\keil_v5\ARM\ARMCLANG\Bin'
Rebuild target 'empty_LP_MSPM0G3507_nortos_keil'
Before Build - User command #1: cmd.exe /C "D:\profiles\TI\M0_SDK\mspm0_sdk_2_05_01_00\EDC_ti\Template\keil\../../../tools/keil/syscfg.bat 'D:\profiles\TI\M0_SDK\mspm0_sdk_2_05_01_00\EDC_ti\Template\keil\' empty.syscfg"
Using Sysconfig Tool from "D:\profiles\TI\sysconfig_1.24.1\sysconfig_cli.bat"
"Update the file located at <sdk path>/tools/keil/syscfg.bat to use a different version"
Running script...
Validating...
info: Motor(/ti/driverlib/PWM): Peripheral does not retain register contents in STOP or STANDBY modes. User should take care to save and restore register configuration in application. See Retention Configuration section for more details.
info: SMotor(/ti/driverlib/PWM): Peripheral does not retain register contents in STOP or STANDBY modes. User should take care to save and restore register configuration in application. See Retention Configuration section for more details.
info: TIMER_0(/ti/driverlib/TIMER): Peripheral does not retain register contents in STOP or STANDBY modes. User should take care to save and restore register configuration in application. See Retention Configuration section for more details.
Generating Code (empty.syscfg)...
Unchanged D:\profiles\TI\M0_SDK\mspm0_sdk_2_05_01_00\EDC_ti\Template\ti_msp_dl_config.c...
Unchanged D:\profiles\TI\M0_SDK\mspm0_sdk_2_05_01_00\EDC_ti\Template\ti_msp_dl_config.h...
Unchanged D:\profiles\TI\M0_SDK\mspm0_sdk_2_05_01_00\EDC_ti\Template\Event.dot...
assembling startup_mspm0g350x_uvision.s...
compiling ti_msp_dl_config.c...
compiling pid.c...
compiling empty.c...
compiling Initialize.c...
compiling Delay.c...
compiling Laser_USART.c...
compiling Init_SMotor.c...
compiling Hall_Encoder.c...
compiling circle_list.c...
compiling Cont_SMotor.c...
compiling tb6612fng.c...
compiling SMotor.c...
compiling kinematics.c...
compiling SensorProc.c...
compiling tracking.c...
compiling TrackingSensor.c...
compiling menu.c...
compiling mode.c...
compiling mode_tree.c...
compiling key.c...
compiling OLED.c...
linking...
Program Size: Code=8692 RO-data=380 RW-data=0 ZI-data=9104  
FromELF: creating hex file...
".\Objects\empty_LP_MSPM0G3507_nortos_keil.axf" - 0 Error(s), 0 Warning(s).

<h2>Software Packages used:</h2>

Package Vendor: TexasInstruments
                https://software-dl.ti.com/msp430/esd/MSPM0-CMSIS/MSPM0G1X0X_G3X0X/latest/exports/TexasInstruments.MSPM0G1X0X_G3X0X_DFP.1.3.1.pack
                TexasInstruments::MSPM0G1X0X_G3X0X_DFP@1.3.1
                Device Family Pack for Texas Instruments MSPM0G1X0X_G3X0X Series

<h2>Collection of Component include folders:</h2>

<h2>Collection of Component Files used:</h2>
Build Time Elapsed:  00:00:03
</pre>
</body>
</html>
