Component: Arm Compiler for Embedded 6.23 Tool: armlink [5f102400]

==============================================================================

Section Cross References

    empty.o(.text.main) refers to ti_msp_dl_config.o(.text.SYSCFG_DL_init) for SYSCFG_DL_init
    empty.o(.text.main) refers to hall_encoder.o(.text.encoder_init) for encoder_init
    empty.o(.text.main) refers to hall_encoder.o(.text.timer_init) for timer_init
    empty.o(.text.main) refers to empty.o(.text.DL_Timer_startCounter) for DL_Timer_startCounter
    empty.o(.text.main) refers to oled.o(.text.OLED_Init) for OLED_Init
    empty.o(.text.main) refers to initialize.o(.text.MECInit) for MECInit
    empty.o(.text.main) refers to mode.o(.text.proB_1) for proB_1
    empty.o(.text.main) refers to initialize.o(.text.LSet) for LSet
    empty.o(.ARM.exidx.text.main) refers to empty.o(.text.main) for [Anonymous Symbol]
    empty.o(.ARM.exidx.text.DL_Timer_startCounter) refers to empty.o(.text.DL_Timer_startCounter) for [Anonymous Symbol]
    empty.o(.text.UART_0_INST_IRQHandler) refers to empty.o(.text.DL_UART_getPendingInterrupt) for DL_UART_getPendingInterrupt
    empty.o(.text.UART_0_INST_IRQHandler) refers to empty.o(.text.DL_UART_receiveData) for DL_UART_receiveData
    empty.o(.text.UART_0_INST_IRQHandler) refers to laser_usart.o(.text.Laser_Loc_Update) for Laser_Loc_Update
    empty.o(.text.UART_0_INST_IRQHandler) refers to laser_usart.o(.text.Laser_Ask_for_Loc) for Laser_Ask_for_Loc
    empty.o(.ARM.exidx.text.UART_0_INST_IRQHandler) refers to empty.o(.text.UART_0_INST_IRQHandler) for [Anonymous Symbol]
    empty.o(.ARM.exidx.text.DL_UART_getPendingInterrupt) refers to empty.o(.text.DL_UART_getPendingInterrupt) for [Anonymous Symbol]
    empty.o(.ARM.exidx.text.DL_UART_receiveData) refers to empty.o(.text.DL_UART_receiveData) for [Anonymous Symbol]
    empty.o(.text.SysTick_Handler) refers to empty.o(.bss.SysTick_Handler.k) for [Anonymous Symbol]
    empty.o(.text.SysTick_Handler) refers to empty.o(.bss.tick) for tick
    empty.o(.ARM.exidx.text.SysTick_Handler) refers to empty.o(.text.SysTick_Handler) for [Anonymous Symbol]
    startup_mspm0g350x_uvision.o(STACK) refers (Special) to heapauxi.o(.text) for __use_two_region_memory
    startup_mspm0g350x_uvision.o(HEAP) refers (Special) to heapauxi.o(.text) for __use_two_region_memory
    startup_mspm0g350x_uvision.o(RESET) refers (Special) to heapauxi.o(.text) for __use_two_region_memory
    startup_mspm0g350x_uvision.o(RESET) refers to startup_mspm0g350x_uvision.o(STACK) for __initial_sp
    startup_mspm0g350x_uvision.o(RESET) refers to startup_mspm0g350x_uvision.o(.text) for Reset_Handler
    startup_mspm0g350x_uvision.o(RESET) refers to empty.o(.text.SysTick_Handler) for SysTick_Handler
    startup_mspm0g350x_uvision.o(RESET) refers to hall_encoder.o(.text.GROUP1_IRQHandler) for GROUP1_IRQHandler
    startup_mspm0g350x_uvision.o(RESET) refers to hall_encoder.o(.text.TIMA0_IRQHandler) for TIMA0_IRQHandler
    startup_mspm0g350x_uvision.o(.text) refers (Special) to heapauxi.o(.text) for __use_two_region_memory
    startup_mspm0g350x_uvision.o(.text) refers to __main.o(!!!main) for __main
    startup_mspm0g350x_uvision.o(.text) refers to startup_mspm0g350x_uvision.o(HEAP) for Heap_Mem
    startup_mspm0g350x_uvision.o(.text) refers to startup_mspm0g350x_uvision.o(STACK) for Stack_Mem
    ti_msp_dl_config.o(.text.SYSCFG_DL_init) refers to ti_msp_dl_config.o(.text.SYSCFG_DL_initPower) for SYSCFG_DL_initPower
    ti_msp_dl_config.o(.text.SYSCFG_DL_init) refers to ti_msp_dl_config.o(.text.SYSCFG_DL_GPIO_init) for SYSCFG_DL_GPIO_init
    ti_msp_dl_config.o(.text.SYSCFG_DL_init) refers to ti_msp_dl_config.o(.text.SYSCFG_DL_SYSCTL_init) for SYSCFG_DL_SYSCTL_init
    ti_msp_dl_config.o(.text.SYSCFG_DL_init) refers to ti_msp_dl_config.o(.text.SYSCFG_DL_Motor_init) for SYSCFG_DL_Motor_init
    ti_msp_dl_config.o(.text.SYSCFG_DL_init) refers to ti_msp_dl_config.o(.text.SYSCFG_DL_SMotor_init) for SYSCFG_DL_SMotor_init
    ti_msp_dl_config.o(.text.SYSCFG_DL_init) refers to ti_msp_dl_config.o(.text.SYSCFG_DL_TIMER_0_init) for SYSCFG_DL_TIMER_0_init
    ti_msp_dl_config.o(.text.SYSCFG_DL_init) refers to ti_msp_dl_config.o(.text.SYSCFG_DL_Debug_init) for SYSCFG_DL_Debug_init
    ti_msp_dl_config.o(.text.SYSCFG_DL_init) refers to ti_msp_dl_config.o(.text.SYSCFG_DL_K230_init) for SYSCFG_DL_K230_init
    ti_msp_dl_config.o(.text.SYSCFG_DL_init) refers to ti_msp_dl_config.o(.text.SYSCFG_DL_SYSTICK_init) for SYSCFG_DL_SYSTICK_init
    ti_msp_dl_config.o(.text.SYSCFG_DL_init) refers to ti_msp_dl_config.o(.bss.gMotorBackup) for gMotorBackup
    ti_msp_dl_config.o(.text.SYSCFG_DL_init) refers to ti_msp_dl_config.o(.bss.gSMotorBackup) for gSMotorBackup
    ti_msp_dl_config.o(.text.SYSCFG_DL_init) refers to ti_msp_dl_config.o(.bss.gTIMER_0Backup) for gTIMER_0Backup
[...]
    DL_Common_updateReg                      0x0000053d   Thumb Code    40  ti_msp_dl_config.o(.text.DL_Common_updateReg)
    [Anonymous Symbol]                       0x0000053c   Section        0  ti_msp_dl_config.o(.text.DL_Common_updateReg)
    DL_GPIO_clearInterruptStatus             0x00000565   Thumb Code    24  ti_msp_dl_config.o(.text.DL_GPIO_clearInterruptStatus)
    [Anonymous Symbol]                       0x00000564   Section        0  ti_msp_dl_config.o(.text.DL_GPIO_clearInterruptStatus)
    DL_GPIO_clearInterruptStatus             0x0000057d   Thumb Code    24  hall_encoder.o(.text.DL_GPIO_clearInterruptStatus)
    [Anonymous Symbol]                       0x0000057c   Section        0  hall_encoder.o(.text.DL_GPIO_clearInterruptStatus)
    __arm_cp.9_0                             0x00000594   Number         4  hall_encoder.o(.text.DL_GPIO_clearInterruptStatus)
    DL_GPIO_clearPins                        0x00000599   Thumb Code    20  ti_msp_dl_config.o(.text.DL_GPIO_clearPins)
    [Anonymous Symbol]                       0x00000598   Section        0  ti_msp_dl_config.o(.text.DL_GPIO_clearPins)
    DL_GPIO_clearPins                        0x000005ad   Thumb Code    20  tb6612fng.o(.text.DL_GPIO_clearPins)
    [Anonymous Symbol]                       0x000005ac   Section        0  tb6612fng.o(.text.DL_GPIO_clearPins)
    DL_GPIO_clearPins                        0x000005c1   Thumb Code    20  oled.o(.text.DL_GPIO_clearPins)
    [Anonymous Symbol]                       0x000005c0   Section        0  oled.o(.text.DL_GPIO_clearPins)
    DL_GPIO_enableInterrupt                  0x000005d5   Thumb Code    24  ti_msp_dl_config.o(.text.DL_GPIO_enableInterrupt)
    [Anonymous Symbol]                       0x000005d4   Section        0  ti_msp_dl_config.o(.text.DL_GPIO_enableInterrupt)
    DL_GPIO_enableOutput                     0x000005ed   Thumb Code    20  ti_msp_dl_config.o(.text.DL_GPIO_enableOutput)
    [Anonymous Symbol]                       0x000005ec   Section        0  ti_msp_dl_config.o(.text.DL_GPIO_enableOutput)
    __arm_cp.19_0                            0x00000600   Number         4  ti_msp_dl_config.o(.text.DL_GPIO_enableOutput)
    DL_GPIO_enablePower                      0x00000605   Thumb Code    20  ti_msp_dl_config.o(.text.DL_GPIO_enablePower)
    [Anonymous Symbol]                       0x00000604   Section        0  ti_msp_dl_config.o(.text.DL_GPIO_enablePower)
    DL_GPIO_getEnabledInterruptStatus        0x00000619   Thumb Code    20  hall_encoder.o(.text.DL_GPIO_getEnabledInterruptStatus)
    [Anonymous Symbol]                       0x00000618   Section        0  hall_encoder.o(.text.DL_GPIO_getEnabledInterruptStatus)
    __arm_cp.7_0                             0x0000062c   Number         4  hall_encoder.o(.text.DL_GPIO_getEnabledInterruptStatus)
    DL_GPIO_initDigitalInputFeatures         0x00000631   Thumb Code    44  ti_msp_dl_config.o(.text.DL_GPIO_initDigitalInputFeatures)
    [Anonymous Symbol]                       0x00000630   Section        0  ti_msp_dl_config.o(.text.DL_GPIO_initDigitalInputFeatures)
    __arm_cp.23_0                            0x0000065c   Number         4  ti_msp_dl_config.o(.text.DL_GPIO_initDigitalInputFeatures)
    DL_GPIO_initDigitalOutput                0x00000661   Thumb Code    20  ti_msp_dl_config.o(.text.DL_GPIO_initDigitalOutput)
    [Anonymous Symbol]                       0x00000660   Section        0  ti_msp_dl_config.o(.text.DL_GPIO_initDigitalOutput)
    DL_GPIO_initDigitalOutputFeatures        0x00000675   Thumb Code    44  ti_msp_dl_config.o(.text.DL_GPIO_initDigitalOutputFeatures)
    [Anonymous Symbol]                       0x00000674   Section        0  ti_msp_dl_config.o(.text.DL_GPIO_initDigitalOutputFeatures)
    DL_GPIO_initPeripheralInputFunction      0x000006a1   Thumb Code    24  ti_msp_dl_config.o(.text.DL_GPIO_initPeripheralInputFunction)
    [Anonymous Symbol]                       0x000006a0   Section        0  ti_msp_dl_config.o(.text.DL_GPIO_initPeripheralInputFunction)
    __arm_cp.20_0                            0x000006b8   Number         4  ti_msp_dl_config.o(.text.DL_GPIO_initPeripheralInputFunction)
    DL_GPIO_initPeripheralOutputFunction     0x000006bd   Thumb Code    24  ti_msp_dl_config.o(.text.DL_GPIO_initPeripheralOutputFunction)
    [Anonymous Symbol]                       0x000006bc   Section        0  ti_msp_dl_config.o(.text.DL_GPIO_initPeripheralOutputFunction)
    __arm_cp.18_0                            0x000006d4   Number         4  ti_msp_dl_config.o(.text.DL_GPIO_initPeripheralOutputFunction)
    DL_GPIO_readPins                         0x000006d9   Thumb Code    22  hall_encoder.o(.text.DL_GPIO_readPins)
    [Anonymous Symbol]                       0x000006d8   Section        0  hall_encoder.o(.text.DL_GPIO_readPins)
    DL_GPIO_readPins                         0x000006ef   Thumb Code    22  trackingsensor.o(.text.DL_GPIO_readPins)
    [Anonymous Symbol]                       0x000006ee   Section        0  trackingsensor.o(.text.DL_GPIO_readPins)
    DL_GPIO_readPins                         0x00000705   Thumb Code    22  oled.o(.text.DL_GPIO_readPins)
    [Anonymous Symbol]                       0x00000704   Section        0  oled.o(.text.DL_GPIO_readPins)
    DL_GPIO_reset                            0x0000071d   Thumb Code    16  ti_msp_dl_config.o(.text.DL_GPIO_reset)
    [Anonymous Symbol]                       0x0000071c   Section        0  ti_msp_dl_config.o(.text.DL_GPIO_reset)
    DL_GPIO_setLowerPinsPolarity             0x0000072d   Thumb Code    24  ti_msp_dl_config.o(.text.DL_GPIO_setLowerPinsPolarity)
    [Anonymous Symbol]                       0x0000072c   Section        0  ti_msp_dl_config.o(.text.DL_GPIO_setLowerPinsPolarity)
    __arm_cp.25_0                            0x00000744   Number         4  ti_msp_dl_config.o(.text.DL_GPIO_setLowerPinsPolarity)
    DL_GPIO_setPins                          0x00000749   Thumb Code    20  tb6612fng.o(.text.DL_GPIO_setPins)
    [Anonymous Symbol]                       0x00000748   Section        0  tb6612fng.o(.text.DL_GPIO_setPins)
    DL_GPIO_setPins                          0x0000075d   Thumb Code    20  oled.o(.text.DL_GPIO_setPins)
    [Anonymous Symbol]                       0x0000075c   Section        0  oled.o(.text.DL_GPIO_setPins)
    __arm_cp.3_0                             0x00000770   Number         4  oled.o(.text.DL_GPIO_setPins)
    DL_GPIO_setUpperPinsPolarity             0x00000775   Thumb Code    24  ti_msp_dl_config.o(.text.DL_GPIO_setUpperPinsPolarity)
    [Anonymous Symbol]                       0x00000774   Section        0  ti_msp_dl_config.o(.text.DL_GPIO_setUpperPinsPolarity)
    DL_SYSCTL_disableHFXT                    0x0000078d   Thumb Code    12  ti_msp_dl_config.o(.text.DL_SYSCTL_disableHFXT)
    [Anonymous Symbol]                       0x0000078c   Section        0  ti_msp_dl_config.o(.text.DL_SYSCTL_disableHFXT)
    DL_SYSCTL_disableSYSPLL                  0x00000799   Thumb Code    16  ti_msp_dl_config.o(.text.DL_SYSCTL_disableSYSPLL)
    [Anonymous Symbol]                       0x00000798   Section        0  ti_msp_dl_config.o(.text.DL_SYSCTL_disableSYSPLL)
    __arm_cp.32_0                            0x000007a8   Number         4  ti_msp_dl_config.o(.text.DL_SYSCTL_disableSYSPLL)
    DL_SYSCTL_setBORThreshold                0x000007ad   Thumb Code    20  ti_msp_dl_config.o(.text.DL_SYSCTL_setBORThreshold)
    [Anonymous Symbol]                       0x000007ac   Section        0  ti_msp_dl_config.o(.text.DL_SYSCTL_setBORThreshold)
    __arm_cp.29_0                            0x000007c0   Number         4  ti_msp_dl_config.o(.text.DL_SYSCTL_setBORThreshold)
    DL_SYSCTL_setMCLKDivider                 0x000007c5   Thumb Code    24  ti_msp_dl_config.o(.text.DL_SYSCTL_setMCLKDivider)
    [Anonymous Symbol]                       0x000007c4   Section        0  ti_msp_dl_config.o(.text.DL_SYSCTL_setMCLKDivider)
    DL_SYSCTL_setSYSOSCFreq                  0x000007dd   Thumb Code    24  ti_msp_dl_config.o(.text.DL_SYSCTL_setSYSOSCFreq)
    [Anonymous Symbol]                       0x000007dc   Section        0  ti_msp_dl_config.o(.text.DL_SYSCTL_setSYSOSCFreq)
    __arm_cp.30_0                            0x000007f4   Number         4  ti_msp_dl_config.o(.text.DL_SYSCTL_setSYSOSCFreq)
    DL_SYSCTL_setULPCLKDivider               0x000007f9   Thumb Code    24  ti_msp_dl_config.o(.text.DL_SYSCTL_setULPCLKDivider)
    [Anonymous Symbol]                       0x000007f8   Section        0  ti_msp_dl_config.o(.text.DL_SYSCTL_setULPCLKDivider)
    __arm_cp.33_0                            0x00000810   Number         4  ti_msp_dl_config.o(.text.DL_SYSCTL_setULPCLKDivider)
    DL_Timer_enableClock                     0x00000815   Thumb Code    16  ti_msp_dl_config.o(.text.DL_Timer_enableClock)
    [Anonymous Symbol]                       0x00000814   Section        0  ti_msp_dl_config.o(.text.DL_Timer_enableClock)
    __arm_cp.37_0                            0x00000824   Number         4  ti_msp_dl_config.o(.text.DL_Timer_enableClock)
    DL_Timer_enableInterrupt                 0x00000829   Thumb Code    24  ti_msp_dl_config.o(.text.DL_Timer_enableInterrupt)
    [Anonymous Symbol]                       0x00000828   Section        0  ti_msp_dl_config.o(.text.DL_Timer_enableInterrupt)
    __arm_cp.39_0                            0x00000840   Number         4  ti_msp_dl_config.o(.text.DL_Timer_enableInterrupt)
    DL_Timer_enablePower                     0x00000845   Thumb Code    20  ti_msp_dl_config.o(.text.DL_Timer_enablePower)
    [Anonymous Symbol]                       0x00000844   Section        0  ti_msp_dl_config.o(.text.DL_Timer_enablePower)
    __arm_cp.16_0                            0x00000858   Number         4  ti_msp_dl_config.o(.text.DL_Timer_enablePower)
    DL_Timer_getPendingInterrupt             0x0000085d   Thumb Code    18  hall_encoder.o(.text.DL_Timer_getPendingInterrupt)
    [Anonymous Symbol]                       0x0000085c   Section        0  hall_encoder.o(.text.DL_Timer_getPendingInterrupt)
    [Anonymous Symbol]                       0x00000870   Section        0  dl_timer.o(.text.DL_Timer_initFourCCPWMMode)
    __arm_cp.40_1                            0x00000964   Number         4  dl_timer.o(.text.DL_Timer_initFourCCPWMMode)
    __arm_cp.40_2                            0x00000968   Number         4  dl_timer.o(.text.DL_Timer_initFourCCPWMMode)
    __arm_cp.40_4                            0x0000096c   Number         4  dl_timer.o(.text.DL_Timer_initFourCCPWMMode)
    __arm_cp.40_5                            0x00000970   Number         4  dl_timer.o(.text.DL_Timer_initFourCCPWMMode)
    __arm_cp.40_6                            0x00000974   Number         4  dl_timer.o(.text.DL_Timer_initFourCCPWMMode)
    [Anonymous Symbol]                       0x00000978   Section        0  dl_timer.o(.text.DL_Timer_initTimerMode)
    __arm_cp.2_0                             0x00000a58   Number         4  dl_timer.o(.text.DL_Timer_initTimerMode)
    __arm_cp.2_2                             0x00000a5c   Number         4  dl_timer.o(.text.DL_Timer_initTimerMode)
    __arm_cp.2_3                             0x00000a60   Number         4  dl_timer.o(.text.DL_Timer_initTimerMode)
    DL_Timer_reset                           0x00000a65   Thumb Code    16  ti_msp_dl_config.o(.text.DL_Timer_reset)
    [Anonymous Symbol]                       0x00000a64   Section        0  ti_msp_dl_config.o(.text.DL_Timer_reset)
    __arm_cp.13_0                            0x00000a74   Number         4  ti_msp_dl_config.o(.text.DL_Timer_reset)
    __arm_cp.13_1                            0x00000a78   Number         4  ti_msp_dl_config.o(.text.DL_Timer_reset)
    DL_Timer_setCCPDirection                 0x00000a7d   Thumb Code    20  ti_msp_dl_config.o(.text.DL_Timer_setCCPDirection)
    [Anonymous Symbol]                       0x00000a7c   Section        0  ti_msp_dl_config.o(.text.DL_Timer_setCCPDirection)
    [Anonymous Symbol]                       0x00000a90   Section        0  dl_timer.o(.text.DL_Timer_setCaptCompUpdateMethod)
    __arm_cp.23_0                            0x00000aa8   Number         4  dl_timer.o(.text.DL_Timer_setCaptCompUpdateMethod)
    [Anonymous Symbol]                       0x00000aac   Section        0  dl_timer.o(.text.DL_Timer_setCaptureCompareOutCtl)
    __arm_cp.27_0                            0x00000ac0   Number         4  dl_timer.o(.text.DL_Timer_setCaptureCompareOutCtl)
    [Anonymous Symbol]                       0x00000ac4   Section        0  dl_timer.o(.text.DL_Timer_setCaptureCompareValue)
    __arm_cp.3_0                             0x00000ad0   Number         4  dl_timer.o(.text.DL_Timer_setCaptureCompareValue)
    [Anonymous Symbol]                       0x00000ad4   Section        0  dl_timer.o(.text.DL_Timer_setClockConfig)
    __arm_cp.0_0                             0x00000aec   Number         4  dl_timer.o(.text.DL_Timer_setClockConfig)
    DL_Timer_setCounterControl               0x00000af1   Thumb Code    52  ti_msp_dl_config.o(.text.DL_Timer_setCounterControl)
    [Anonymous Symbol]                       0x00000af0   Section        0  ti_msp_dl_config.o(.text.DL_Timer_setCounterControl)
    __arm_cp.36_1                            0x00000b24   Number         4  ti_msp_dl_config.o(.text.DL_Timer_setCounterControl)
    DL_Timer_startCounter                    0x00000b29   Thumb Code    20  empty.o(.text.DL_Timer_startCounter)
    [Anonymous Symbol]                       0x00000b28   Section        0  empty.o(.text.DL_Timer_startCounter)
    DL_Timer_startCounter                    0x00000b3d   Thumb Code    20  tb6612fng.o(.text.DL_Timer_startCounter)
    [Anonymous Symbol]                       0x00000b3c   Section        0  tb6612fng.o(.text.DL_Timer_startCounter)
    __arm_cp.2_0                             0x00000b50   Number         4  tb6612fng.o(.text.DL_Timer_startCounter)
    DL_UART_enable                           0x00000b55   Thumb Code    22  ti_msp_dl_config.o(.text.DL_UART_enable)
    [Anonymous Symbol]                       0x00000b54   Section        0  ti_msp_dl_config.o(.text.DL_UART_enable)
    DL_UART_enableInterrupt                  0x00000b6d   Thumb Code    24  ti_msp_dl_config.o(.text.DL_UART_enableInterrupt)
    [Anonymous Symbol]                       0x00000b6c   Section        0  ti_msp_dl_config.o(.text.DL_UART_enableInterrupt)
    __arm_cp.43_0                            0x00000b84   Number         4  ti_msp_dl_config.o(.text.DL_UART_enableInterrupt)
    DL_UART_enablePower                      0x00000b89   Thumb Code    20  ti_msp_dl_config.o(.text.DL_UART_enablePower)
    [Anonymous Symbol]                       0x00000b88   Section        0  ti_msp_dl_config.o(.text.DL_UART_enablePower)
    __arm_cp.17_0                            0x00000b9c   Number         4  ti_msp_dl_config.o(.text.DL_UART_enablePower)
    [Anonymous Symbol]                       0x00000ba0   Section        0  dl_uart.o(.text.DL_UART_init)
    __arm_cp.0_0                             0x00000be0   Number         4  dl_uart.o(.text.DL_UART_init)
    __arm_cp.0_1                             0x00000be4   Number         4  dl_uart.o(.text.DL_UART_init)
    DL_UART_reset                            0x00000be9   Thumb Code    16  ti_msp_dl_config.o(.text.DL_UART_reset)
    [Anonymous Symbol]                       0x00000be8   Section        0  ti_msp_dl_config.o(.text.DL_UART_reset)
    __arm_cp.14_0                            0x00000bf8   Number         4  ti_msp_dl_config.o(.text.DL_UART_reset)
    __arm_cp.14_1                            0x00000bfc   Number         4  ti_msp_dl_config.o(.text.DL_UART_reset)
    DL_UART_setBaudRateDivisor               0x00000c01   Thumb Code    60  ti_msp_dl_config.o(.text.DL_UART_setBaudRateDivisor)
    [Anonymous Symbol]                       0x00000c00   Section        0  ti_msp_dl_config.o(.text.DL_UART_setBaudRateDivisor)
    __arm_cp.41_0                            0x00000c3c   Number         4  ti_msp_dl_config.o(.text.DL_UART_setBaudRateDivisor)
    __arm_cp.41_1                            0x00000c40   Number         4  ti_msp_dl_config.o(.text.DL_UART_setBaudRateDivisor)
    __arm_cp.41_2                            0x00000c44   Number         4  ti_msp_dl_config.o(.text.DL_UART_setBaudRateDivisor)
    __arm_cp.41_3                            0x00000c48   Number         4  ti_msp_dl_config.o(.text.DL_UART_setBaudRateDivisor)
    [Anonymous Symbol]                       0x00000c4c   Section        0  dl_uart.o(.text.DL_UART_setClockConfig)
    DL_UART_setOversampling                  0x00000c5f   Thumb Code    30  ti_msp_dl_config.o(.text.DL_UART_setOversampling)
    [Anonymous Symbol]                       0x00000c5e   Section        0  ti_msp_dl_config.o(.text.DL_UART_setOversampling)
    [Anonymous Symbol]                       0x00000c7c   Section        0  delay.o(.text.Delay_ms)
    __arm_cp.1_0                             0x00000ca0   Number         4  delay.o(.text.Delay_ms)
    [Anonymous Symbol]                       0x00000ca4   Section        0  delay.o(.text.Delay_us)
    [Anonymous Symbol]                       0x00000cac   Section        0  hall_encoder.o(.text.GROUP1_IRQHandler)
    __arm_cp.6_1                             0x00000d4c   Number         4  hall_encoder.o(.text.GROUP1_IRQHandler)
    __arm_cp.6_2                             0x00000d50   Number         4  hall_encoder.o(.text.GROUP1_IRQHandler)
    [Anonymous Symbol]                       0x00000d54   Section        0  oled.o(.text.I2C_Start)
    [Anonymous Symbol]                       0x00000d90   Section        0  oled.o(.text.I2C_Stop)
    [Anonymous Symbol]                       0x00000dbc   Section        0  initialize.o(.text.LMotorSet)
    [Anonymous Symbol]                       0x00000ddc   Section        0  initialize.o(.text.LSet)
    [Anonymous Symbol]                       0x00000e2c   Section        0  initialize.o(.text.MECInit)
    __arm_cp.0_0                             0x00000e74   Number         4  initialize.o(.text.MECInit)
    __arm_cp.0_1                             0x00000e78   Number         4  initialize.o(.text.MECInit)
    __arm_cp.0_2                             0x00000e7c   Number         4  initialize.o(.text.MECInit)
    __arm_cp.0_3                             0x00000e80   Number         4  initialize.o(.text.MECInit)
    __arm_cp.0_4                             0x00000e84   Number         4  initialize.o(.text.MECInit)
    [Anonymous Symbol]                       0x00000e88   Section        0  tracking.o(.text.Motion_Car_Control)
    __arm_cp.4_0                             0x00000fa8   Number         4  tracking.o(.text.Motion_Car_Control)
    __arm_cp.4_1                             0x00000fac   Number         4  tracking.o(.text.Motion_Car_Control)
    __arm_cp.4_2                             0x00000fb0   Number         4  tracking.o(.text.Motion_Car_Control)
    __arm_cp.4_3                             0x00000fb4   Number         4  tracking.o(.text.Motion_Car_Control)
    __arm_cp.4_4                             0x00000fb8   Number         4  tracking.o(.text.Motion_Car_Control)
    __arm_cp.4_5                             0x00000fbc   Number         4  tracking.o(.text.Motion_Car_Control)
    __arm_cp.4_6                             0x00000fc0   Number         4  tracking.o(.text.Motion_Car_Control)
    __arm_cp.4_7                             0x00000fc4   Number         4  tracking.o(.text.Motion_Car_Control)
    __arm_cp.4_8                             0x00000fc8   Number         4  tracking.o(.text.Motion_Car_Control)
    __arm_cp.4_9                             0x00000fcc   Number         4  tracking.o(.text.Motion_Car_Control)
    [Anonymous Symbol]                       0x00000fd0   Section        0  tb6612fng.o(.text.Motor_UI_Init)
    [Anonymous Symbol]                       0x0000105c   Section        0  tb6612fng.o(.text.Motor_UI_Set)
    [Anonymous Symbol]                       0x00001110   Section        0  oled.o(.text.OLED_Clear)
    __arm_cp.14_0                            0x00001148   Number         4  oled.o(.text.OLED_Clear)
    [Anonymous Symbol]                       0x0000114c   Section        0  oled.o(.text.OLED_I2C_WaitAck)
    __arm_cp.6_0                             0x00001198   Number         4  oled.o(.text.OLED_I2C_WaitAck)
    [Anonymous Symbol]                       0x0000119c   Section        0  oled.o(.text.OLED_Init)
    [Anonymous Symbol]                       0x00001294   Section        0  oled.o(.text.OLED_Send_Byte)
    __arm_cp.8_0                             0x00001318   Number         4  oled.o(.text.OLED_Send_Byte)
    [Anonymous Symbol]                       0x0000131c   Section        0  oled.o(.text.OLED_Set_Pos)
    [Anonymous Symbol]                       0x00001350   Section        0  oled.o(.text.OLED_WR_Byte)
    [Anonymous Symbol]                       0x000013c2   Section        0  oled.o(.text.OLED_Write_ContinuousCmd)
    [Anonymous Symbol]                       0x0000144e   Section        0  oled.o(.text.OLED_Write_ContinuousData_NoAck)
    [Anonymous Symbol]                       0x000014b8   Section        0  tracking.o(.text.PID_IR_Calc_Custom)
    __arm_cp.0_0                             0x0000159c   Number         4  tracking.o(.text.PID_IR_Calc_Custom)
    __arm_cp.0_1                             0x000015a0   Number         4  tracking.o(.text.PID_IR_Calc_Custom)
    __arm_cp.0_2                             0x000015a4   Number         4  tracking.o(.text.PID_IR_Calc_Custom)
    __arm_cp.0_3                             0x000015a8   Number         4  tracking.o(.text.PID_IR_Calc_Custom)
    __arm_cp.0_4                             0x000015ac   Number         4  tracking.o(.text.PID_IR_Calc_Custom)
    __arm_cp.0_5                             0x000015b0   Number         4  tracking.o(.text.PID_IR_Calc_Custom)
    [Anonymous Symbol]                       0x000015b4   Section        0  initialize.o(.text.RMotorSet)
    __arm_cp.2_0                             0x000015d4   Number         4  initialize.o(.text.RMotorSet)
    [Anonymous Symbol]                       0x000015d8   Section        0  initialize.o(.text.RSet)
    __arm_cp.4_0                             0x00001628   Number         4  initialize.o(.text.RSet)
    [Anonymous Symbol]                       0x0000162c   Section        0  sensorproc.o(.text.Road_detect)
    __arm_cp.5_0                             0x0000168c   Number         4  sensorproc.o(.text.Road_detect)
    [Anonymous Symbol]                       0x00001690   Section        0  ti_msp_dl_config.o(.text.SYSCFG_DL_Debug_init)
    __arm_cp.7_0                             0x000016c4   Number         4  ti_msp_dl_config.o(.text.SYSCFG_DL_Debug_init)
    __arm_cp.7_1                             0x000016c8   Number         4  ti_msp_dl_config.o(.text.SYSCFG_DL_Debug_init)
    __arm_cp.7_2                             0x000016cc   Number         4  ti_msp_dl_config.o(.text.SYSCFG_DL_Debug_init)
    [Anonymous Symbol]                       0x000016d0   Section        0  ti_msp_dl_config.o(.text.SYSCFG_DL_GPIO_init)
    __arm_cp.2_0                             0x000018b0   Number         4  ti_msp_dl_config.o(.text.SYSCFG_DL_GPIO_init)
    __arm_cp.2_1                             0x000018b4   Number         4  ti_msp_dl_config.o(.text.SYSCFG_DL_GPIO_init)
    __arm_cp.2_3                             0x000018b8   Number         4  ti_msp_dl_config.o(.text.SYSCFG_DL_GPIO_init)
    [Anonymous Symbol]                       0x000018bc   Section        0  ti_msp_dl_config.o(.text.SYSCFG_DL_K230_init)
    __arm_cp.8_0                             0x000018f8   Number         4  ti_msp_dl_config.o(.text.SYSCFG_DL_K230_init)
    __arm_cp.8_2                             0x000018fc   Number         4  ti_msp_dl_config.o(.text.SYSCFG_DL_K230_init)
    [Anonymous Symbol]                       0x00001900   Section        0  ti_msp_dl_config.o(.text.SYSCFG_DL_Motor_init)
    __arm_cp.4_0                             0x00001984   Number         4  ti_msp_dl_config.o(.text.SYSCFG_DL_Motor_init)
    __arm_cp.4_2                             0x00001988   Number         4  ti_msp_dl_config.o(.text.SYSCFG_DL_Motor_init)
    [Anonymous Symbol]                       0x0000198c   Section        0  ti_msp_dl_config.o(.text.SYSCFG_DL_SMotor_init)
    __arm_cp.5_0                             0x00001a10   Number         4  ti_msp_dl_config.o(.text.SYSCFG_DL_SMotor_init)
    __arm_cp.5_2                             0x00001a14   Number         4  ti_msp_dl_config.o(.text.SYSCFG_DL_SMotor_init)
    [Anonymous Symbol]                       0x00001a18   Section        0  ti_msp_dl_config.o(.text.SYSCFG_DL_SYSCTL_init)
    [Anonymous Symbol]                       0x00001a4a   Section        0  ti_msp_dl_config.o(.text.SYSCFG_DL_SYSTICK_init)
    [Anonymous Symbol]                       0x00001a58   Section        0  ti_msp_dl_config.o(.text.SYSCFG_DL_TIMER_0_init)
    __arm_cp.6_0                             0x00001a88   Number         4  ti_msp_dl_config.o(.text.SYSCFG_DL_TIMER_0_init)
    __arm_cp.6_2                             0x00001a8c   Number         4  ti_msp_dl_config.o(.text.SYSCFG_DL_TIMER_0_init)
    [Anonymous Symbol]                       0x00001a90   Section        0  ti_msp_dl_config.o(.text.SYSCFG_DL_init)
    __arm_cp.0_0                             0x00001acc   Number         4  ti_msp_dl_config.o(.text.SYSCFG_DL_init)
    __arm_cp.0_1                             0x00001ad0   Number         4  ti_msp_dl_config.o(.text.SYSCFG_DL_init)
    __arm_cp.0_2                             0x00001ad4   Number         4  ti_msp_dl_config.o(.text.SYSCFG_DL_init)
    [Anonymous Symbol]                       0x00001ad8   Section        0  ti_msp_dl_config.o(.text.SYSCFG_DL_initPower)
    __arm_cp.1_1                             0x00001b48   Number         4  ti_msp_dl_config.o(.text.SYSCFG_DL_initPower)
    __arm_cp.1_2                             0x00001b4c   Number         4  ti_msp_dl_config.o(.text.SYSCFG_DL_initPower)
    __arm_cp.1_3                             0x00001b50   Number         4  ti_msp_dl_config.o(.text.SYSCFG_DL_initPower)
    __arm_cp.1_5                             0x00001b54   Number         4  ti_msp_dl_config.o(.text.SYSCFG_DL_initPower)
    __arm_cp.1_6                             0x00001b58   Number         4  ti_msp_dl_config.o(.text.SYSCFG_DL_initPower)
    SysTick_Config                           0x00001b5d   Thumb Code    68  ti_msp_dl_config.o(.text.SysTick_Config)
    [Anonymous Symbol]                       0x00001b5c   Section        0  ti_msp_dl_config.o(.text.SysTick_Config)
    __arm_cp.44_0                            0x00001ba0   Number         4  ti_msp_dl_config.o(.text.SysTick_Config)
    __arm_cp.44_1                            0x00001ba4   Number         4  ti_msp_dl_config.o(.text.SysTick_Config)
    __arm_cp.44_2                            0x00001ba8   Number         4  ti_msp_dl_config.o(.text.SysTick_Config)
    [Anonymous Symbol]                       0x00001bac   Section        0  empty.o(.text.SysTick_Handler)
    __arm_cp.5_0                             0x00001bd4   Number         4  empty.o(.text.SysTick_Handler)
    __arm_cp.5_1                             0x00001bd8   Number         4  empty.o(.text.SysTick_Handler)
    [Anonymous Symbol]                       0x00001bdc   Section        0  hall_encoder.o(.text.TIMA0_IRQHandler)
    __arm_cp.11_0                            0x00001bf4   Number         4  hall_encoder.o(.text.TIMA0_IRQHandler)
    __NVIC_ClearPendingIRQ                   0x00001bf9   Thumb Code    40  hall_encoder.o(.text.__NVIC_ClearPendingIRQ)
    [Anonymous Symbol]                       0x00001bf8   Section        0  hall_encoder.o(.text.__NVIC_ClearPendingIRQ)
    __arm_cp.1_0                             0x00001c20   Number         4  hall_encoder.o(.text.__NVIC_ClearPendingIRQ)
    __NVIC_EnableIRQ                         0x00001c25   Thumb Code    40  hall_encoder.o(.text.__NVIC_EnableIRQ)
    [Anonymous Symbol]                       0x00001c24   Section        0  hall_encoder.o(.text.__NVIC_EnableIRQ)
    __arm_cp.2_0                             0x00001c4c   Number         4  hall_encoder.o(.text.__NVIC_EnableIRQ)
    __NVIC_SetPriority                       0x00001c51   Thumb Code   124  ti_msp_dl_config.o(.text.__NVIC_SetPriority)
    [Anonymous Symbol]                       0x00001c50   Section        0  ti_msp_dl_config.o(.text.__NVIC_SetPriority)
    __arm_cp.35_0                            0x00001ccc   Number         4  ti_msp_dl_config.o(.text.__NVIC_SetPriority)
    __arm_cp.35_1                            0x00001cd0   Number         4  ti_msp_dl_config.o(.text.__NVIC_SetPriority)
    [Anonymous Symbol]                       0x00001cd4   Section        0  hall_encoder.o(.text.encoder_init)
    [Anonymous Symbol]                       0x00001cec   Section        0  hall_encoder.o(.text.encoder_update)
    __arm_cp.5_0                             0x00001d04   Number         4  hall_encoder.o(.text.encoder_update)
    [Anonymous Symbol]                       0x00001d08   Section        0  trackingsensor.o(.text.getTrackingSensorData)
    __arm_cp.0_0                             0x00001db4   Number         4  trackingsensor.o(.text.getTrackingSensorData)
    __arm_cp.0_1                             0x00001db8   Number         4  trackingsensor.o(.text.getTrackingSensorData)
    [Anonymous Symbol]                       0x00001dbc   Section        0  sensorproc.o(.text.half_Detect)
    [Anonymous Symbol]                       0x00001dc8   Section        0  tracking.o(.text.lineWalking_core)
    __arm_cp.2_0                             0x00001e7c   Number         4  tracking.o(.text.lineWalking_core)
    __arm_cp.2_1                             0x00001e80   Number         4  tracking.o(.text.lineWalking_core)
    __arm_cp.2_2                             0x00001e84   Number         4  tracking.o(.text.lineWalking_core)
    __arm_cp.2_3                             0x00001e88   Number         4  tracking.o(.text.lineWalking_core)
    [Anonymous Symbol]                       0x00001e8c   Section        0  tracking.o(.text.lineWalking_low)
    __arm_cp.3_0                             0x00001ea0   Number         4  tracking.o(.text.lineWalking_low)
    [Anonymous Symbol]                       0x00001ea4   Section        0  empty.o(.text.main)
    __arm_cp.0_0                             0x00001ed4   Number         4  empty.o(.text.main)
    [Anonymous Symbol]                       0x00001ed8   Section        0  mode.o(.text.proB_1)
    __arm_cp.5_0                             0x00001f24   Number         4  mode.o(.text.proB_1)
    [Anonymous Symbol]                       0x00001f28   Section        0  hall_encoder.o(.text.timer_init)
    [Anonymous Symbol]                       0x00001f40   Section        0  mode.o(.text.turn_func)
    __arm_cp.3_0                             0x00001fc0   Number         4  mode.o(.text.turn_func)
    __arm_cp.3_1                             0x00001fc4   Number         4  mode.o(.text.turn_func)
    __arm_cp.3_2                             0x00001fc8   Number         4  mode.o(.text.turn_func)
    __arm_cp.3_3                             0x00001fcc   Number         4  mode.o(.text.turn_func)
    i._fgeq                                  0x00001fd0   Section        0  fcmp.o(i._fgeq)
    i._fleq                                  0x00001fe6   Section        0  fcmp.o(i._fleq)
    x$fpl$fadd                               0x00002000   Section      140  faddsub.o(x$fpl$fadd)
    _fadd1                                   0x0000200d   Thumb Code     0  faddsub.o(x$fpl$fadd)
    x$fpl$fgeqf                              0x0000208c   Section       84  fgef.o(x$fpl$fgeqf)
    x$fpl$fleqf                              0x000020e0   Section       84  flef.o(x$fpl$fleqf)
    x$fpl$fmul                               0x00002134   Section      176  fmul.o(x$fpl$fmul)
    x$fpl$fsub                               0x000021e4   Section      208  faddsub.o(x$fpl$fsub)
    _fsub1                                   0x000021f1   Thumb Code     0  faddsub.o(x$fpl$fsub)
    fdiv_tab                                 0x000022b4   Data          64  fdiv.o(.constdata)
    .constdata                               0x000022b4   Section       64  fdiv.o(.constdata)
    x$fpl$usenofp                            0x000022b4   Section        0  usenofp.o(x$fpl$usenofp)
    [Anonymous Symbol]                       0x000022f4   Section        0  tracking.o(.rodata.cst32)
    gDebugClockConfig                        0x00002314   Data           2  ti_msp_dl_config.o(.rodata.gDebugClockConfig)
    [Anonymous Symbol]                       0x00002314   Section        0  ti_msp_dl_config.o(.rodata.gDebugClockConfig)
    gDebugConfig                             0x00002316   Data          10  ti_msp_dl_config.o(.rodata.gDebugConfig)
    [Anonymous Symbol]                       0x00002316   Section        0  ti_msp_dl_config.o(.rodata.gDebugConfig)
    gK230ClockConfig                         0x00002320   Data           2  ti_msp_dl_config.o(.rodata.gK230ClockConfig)
    [Anonymous Symbol]                       0x00002320   Section        0  ti_msp_dl_config.o(.rodata.gK230ClockConfig)
    gK230Config                              0x00002322   Data          10  ti_msp_dl_config.o(.rodata.gK230Config)
    [Anonymous Symbol]                       0x00002322   Section        0  ti_msp_dl_config.o(.rodata.gK230Config)
    gMotorClockConfig                        0x0000232c   Data           3  ti_msp_dl_config.o(.rodata.gMotorClockConfig)
    [Anonymous Symbol]                       0x0000232c   Section        0  ti_msp_dl_config.o(.rodata.gMotorClockConfig)
    gMotorConfig                             0x00002330   Data           8  ti_msp_dl_config.o(.rodata.gMotorConfig)
    [Anonymous Symbol]                       0x00002330   Section        0  ti_msp_dl_config.o(.rodata.gMotorConfig)
    gSMotorClockConfig                       0x00002338   Data           3  ti_msp_dl_config.o(.rodata.gSMotorClockConfig)
    [Anonymous Symbol]                       0x00002338   Section        0  ti_msp_dl_config.o(.rodata.gSMotorClockConfig)
    gSMotorConfig                            0x0000233c   Data           8  ti_msp_dl_config.o(.rodata.gSMotorConfig)
    [Anonymous Symbol]                       0x0000233c   Section        0  ti_msp_dl_config.o(.rodata.gSMotorConfig)
    gTIMER_0ClockConfig                      0x00002344   Data           3  ti_msp_dl_config.o(.rodata.gTIMER_0ClockConfig)
    [Anonymous Symbol]                       0x00002344   Section        0  ti_msp_dl_config.o(.rodata.gTIMER_0ClockConfig)
    gTIMER_0TimerConfig                      0x00002348   Data          20  ti_msp_dl_config.o(.rodata.gTIMER_0TimerConfig)
    [Anonymous Symbol]                       0x00002348   Section        0  ti_msp_dl_config.o(.rodata.gTIMER_0TimerConfig)
    .bss                                     0x20200000   Section       96  libspace.o(.bss)
    OLED_Clear.clear_buf                     0x20200098   Data         128  oled.o(.bss.OLED_Clear.clear_buf)
    [Anonymous Symbol]                       0x20200098   Section        0  oled.o(.bss.OLED_Clear.clear_buf)
    PID_IR_Calc_Custom.Integral              0x20200118   Data           4  tracking.o(.bss.PID_IR_Calc_Custom.Integral)
    [Anonymous Symbol]                       0x20200118   Section        0  tracking.o(.bss.PID_IR_Calc_Custom.Integral)
    PID_IR_Calc_Custom.error_last            0x2020011c   Data           2  tracking.o(.bss.PID_IR_Calc_Custom.error_last)
    [Anonymous Symbol]                       0x2020011c   Section        0  tracking.o(.bss.PID_IR_Calc_Custom.error_last)
    SysTick_Handler.k                        0x20200150   Data           4  empty.o(.bss.SysTick_Handler.k)
    [Anonymous Symbol]                       0x20200150   Section        0  empty.o(.bss.SysTick_Handler.k)
    err                                      0x20200158   Data           1  tracking.o(.bss.err)
    [Anonymous Symbol]                       0x20200158   Section        0  tracking.o(.bss.err)
    motor_encoder                            0x20200358   Data          16  hall_encoder.o(.bss.motor_encoder)
    [Anonymous Symbol]                       0x20200358   Section        0  hall_encoder.o(.bss.motor_encoder)
    speed_L2_setup                           0x2020036c   Data           4  tracking.o(.bss.speed_L2_setup)
    [Anonymous Symbol]                       0x2020036c   Section        0  tracking.o(.bss.speed_L2_setup)
    speed_R2_setup                           0x20200370   Data           4  tracking.o(.bss.speed_R2_setup)
    [Anonymous Symbol]                       0x20200370   Section        0  tracking.o(.bss.speed_R2_setup)
    speed_fb                                 0x20200374   Data           4  tracking.o(.bss.speed_fb)
    [Anonymous Symbol]                       0x20200374   Section        0  tracking.o(.bss.speed_fb)
    speed_lr                                 0x20200378   Data           4  tracking.o(.bss.speed_lr)
    [Anonymous Symbol]                       0x20200378   Section        0  tracking.o(.bss.speed_lr)
    speed_spin                               0x2020037c   Data           4  tracking.o(.bss.speed_spin)
    [Anonymous Symbol]                       0x2020037c   Section        0  tracking.o(.bss.speed_spin)
    turn_func.isturn                         0x20200384   Data           4  mode.o(.bss.turn_func.isturn)
    [Anonymous Symbol]                       0x20200384   Section        0  mode.o(.bss.turn_func.isturn)
    turn_func.starttime                      0x20200388   Data           4  mode.o(.bss.turn_func.starttime)
    [Anonymous Symbol]                       0x20200388   Section        0  mode.o(.bss.turn_func.starttime)
    Heap_Mem                                 0x20200390   Data        4096  startup_mspm0g350x_uvision.o(HEAP)
    HEAP                                     0x20200390   Section     4096  startup_mspm0g350x_uvision.o(HEAP)
    Stack_Mem                                0x20201390   Data        4096  startup_mspm0g350x_uvision.o(STACK)
    STACK                                    0x20201390   Section     4096  startup_mspm0g350x_uvision.o(STACK)
    __initial_sp                             0x20202390   Data           0  startup_mspm0g350x_uvision.o(STACK)

    Global Symbols

    Symbol Name                              Value     Ov Type        Size  Object(Section)

    BuildAttributes$$THM_ISAv3M$S$PE$A:L22$X:L11$S22$IEEE1$IW$~IW$USESV6$~STKCKD$USESV7$~SHL$OTIME$ROPI$IEEEX$EBA8$UX$STANDARDLIB$REQ8$PRES8$EABIv2 0x00000000   Number         0  anon$$obj.o ABSOLUTE
    __Vectors                                0x00000000   Data           4  startup_mspm0g350x_uvision.o(RESET)
    _printf_flags                            0x00000000   Number         0  printf_stubs.o ABSOLUTE
    _printf_return_value                     0x00000000   Number         0  printf_stubs.o ABSOLUTE
    _printf_sizespec                         0x00000000   Number         0  printf_stubs.o ABSOLUTE
    _printf_widthprec                        0x00000000   Number         0  printf_stubs.o ABSOLUTE
    __ARM_exceptions_init                     - Undefined Weak Reference
    __alloca_initialize                       - Undefined Weak Reference
    __arm_preinit_                            - Undefined Weak Reference
    __arm_relocate_pie_                       - Undefined Weak Reference
    __cpp_initialize__aeabi_                  - Undefined Weak Reference
    __cxa_finalize                            - Undefined Weak Reference
    __sigvec_lookup                           - Undefined Weak Reference
    __user_heap_extent                        - Undefined Weak Reference
    _atexit_init                              - Undefined Weak Reference
    _call_atexit_fns                          - Undefined Weak Reference
    _clock_init                               - Undefined Weak Reference
    _fp_trap_init                             - Undefined Weak Reference
    _fp_trap_shutdown                         - Undefined Weak Reference
    _get_lc_collate                           - Undefined Weak Reference
    _get_lc_monetary                          - Undefined Weak Reference
    _get_lc_time                              - Undefined Weak Reference
    _getenv_init                              - Undefined Weak Reference
    _handle_redirection                       - Undefined Weak Reference
    _initio                                   - Undefined Weak Reference
    _mutex_acquire                            - Undefined Weak Reference
    _mutex_free                               - Undefined Weak Reference
    _mutex_release                            - Undefined Weak Reference
    _printf_mbtowc                            - Undefined Weak Reference
    _printf_wc                                - Undefined Weak Reference
    _rand_init                                - Undefined Weak Reference
    _signal_finish                            - Undefined Weak Reference
    _signal_init                              - Undefined Weak Reference
    _terminateio                              - Undefined Weak Reference
    __Vectors_End                            0x000000c0   Data           0  startup_mspm0g350x_uvision.o(RESET)
    __Vectors_Size                           0x000000c0   Number         0  startup_mspm0g350x_uvision.o ABSOLUTE
    __main                                   0x000000c1   Thumb Code     8  __main.o(!!!main)
    __scatterload                            0x000000c9   Thumb Code     0  __scatter.o(!!!scatter)
    __scatterload_rt2                        0x000000c9   Thumb Code    74  __scatter.o(!!!scatter)
    __scatterload_rt2_thumb_only             0x000000c9   Thumb Code     0  __scatter.o(!!!scatter)
    __scatterload_loop                       0x000000d3   Thumb Code     0  __scatter.o(!!!scatter)
    __scatterload_null                       0x00000121   Thumb Code     2  __scatter.o(!!handler_null)
    __scatterload_zeroinit                   0x00000129   Thumb Code    28  __scatter_zi.o(!!handler_zi)
    __rt_lib_init                            0x00000145   Thumb Code     0  libinit.o(.ARM.Collect$$libinit$$00000000)
    __rt_lib_init_alloca_1                   0x00000147   Thumb Code     0  libinit2.o(.ARM.Collect$$libinit$$00000030)
    __rt_lib_init_argv_1                     0x00000147   Thumb Code     0  libinit2.o(.ARM.Collect$$libinit$$0000002E)
    __rt_lib_init_atexit_1                   0x00000147   Thumb Code     0  libinit2.o(.ARM.Collect$$libinit$$0000001D)
    __rt_lib_init_clock_1                    0x00000147   Thumb Code     0  libinit2.o(.ARM.Collect$$libinit$$00000023)
    __rt_lib_init_cpp_1                      0x00000147   Thumb Code     0  libinit2.o(.ARM.Collect$$libinit$$00000034)
    __rt_lib_init_exceptions_1               0x00000147   Thumb Code     0  libinit2.o(.ARM.Collect$$libinit$$00000032)
    __rt_lib_init_fp_1                       0x00000147   Thumb Code     0  libinit2.o(.ARM.Collect$$libinit$$00000002)
    __rt_lib_init_fp_trap_1                  0x00000147   Thumb Code     0  libinit2.o(.ARM.Collect$$libinit$$00000021)
    __rt_lib_init_getenv_1                   0x00000147   Thumb Code     0  libinit2.o(.ARM.Collect$$libinit$$00000025)
    __rt_lib_init_heap_1                     0x00000147   Thumb Code     0  libinit2.o(.ARM.Collect$$libinit$$0000000C)
    __rt_lib_init_lc_collate_1               0x00000147   Thumb Code     0  libinit2.o(.ARM.Collect$$libinit$$00000013)
    __rt_lib_init_lc_ctype_1                 0x00000147   Thumb Code     0  libinit2.o(.ARM.Collect$$libinit$$00000015)
    __rt_lib_init_lc_monetary_1              0x00000147   Thumb Code     0  libinit2.o(.ARM.Collect$$libinit$$00000017)
    __rt_lib_init_lc_numeric_1               0x00000147   Thumb Code     0  libinit2.o(.ARM.Collect$$libinit$$00000019)
    __rt_lib_init_lc_time_1                  0x00000147   Thumb Code     0  libinit2.o(.ARM.Collect$$libinit$$0000001B)
    __rt_lib_init_preinit_1                  0x00000147   Thumb Code     0  libinit2.o(.ARM.Collect$$libinit$$00000006)
    __rt_lib_init_rand_1                     0x00000147   Thumb Code     0  libinit2.o(.ARM.Collect$$libinit$$00000010)
    __rt_lib_init_relocate_pie_1             0x00000147   Thumb Code     0  libinit2.o(.ARM.Collect$$libinit$$00000004)
    __rt_lib_init_return                     0x00000147   Thumb Code     0  libinit2.o(.ARM.Collect$$libinit$$00000035)
    __rt_lib_init_signal_1                   0x00000147   Thumb Code     0  libinit2.o(.ARM.Collect$$libinit$$0000001F)
    __rt_lib_init_stdio_1                    0x00000147   Thumb Code     0  libinit2.o(.ARM.Collect$$libinit$$00000027)
    __rt_lib_init_user_alloc_1               0x00000147   Thumb Code     0  libinit2.o(.ARM.Collect$$libinit$$0000000E)
    __rt_lib_shutdown                        0x00000149   Thumb Code     0  libshutdown.o(.ARM.Collect$$libshutdown$$00000000)
    __rt_lib_shutdown_cpp_1                  0x0000014b   Thumb Code     0  libshutdown2.o(.ARM.Collect$$libshutdown$$00000002)
    __rt_lib_shutdown_fp_trap_1              0x0000014b   Thumb Code     0  libshutdown2.o(.ARM.Collect$$libshutdown$$00000007)
    __rt_lib_shutdown_heap_1                 0x0000014b   Thumb Code     0  libshutdown2.o(.ARM.Collect$$libshutdown$$0000000F)
    __rt_lib_shutdown_return                 0x0000014b   Thumb Code     0  libshutdown2.o(.ARM.Collect$$libshutdown$$00000010)
    __rt_lib_shutdown_signal_1               0x0000014b   Thumb Code     0  libshutdown2.o(.ARM.Collect$$libshutdown$$0000000A)
    __rt_lib_shutdown_stdio_1                0x0000014b   Thumb Code     0  libshutdown2.o(.ARM.Collect$$libshutdown$$00000004)
    __rt_lib_shutdown_user_alloc_1           0x0000014b   Thumb Code     0  libshutdown2.o(.ARM.Collect$$libshutdown$$0000000C)
    __rt_entry                               0x0000014d   Thumb Code     0  __rtentry.o(.ARM.Collect$$rtentry$$00000000)
    __rt_entry_presh_1                       0x0000014d   Thumb Code     0  __rtentry2.o(.ARM.Collect$$rtentry$$00000002)
    __rt_entry_sh                            0x0000014d   Thumb Code     0  __rtentry4.o(.ARM.Collect$$rtentry$$00000004)
    __rt_entry_li                            0x00000153   Thumb Code     0  __rtentry2.o(.ARM.Collect$$rtentry$$0000000A)
    __rt_entry_postsh_1                      0x00000153   Thumb Code     0  __rtentry2.o(.ARM.Collect$$rtentry$$00000009)
    __rt_entry_main                          0x00000157   Thumb Code     0  __rtentry2.o(.ARM.Collect$$rtentry$$0000000D)
    __rt_entry_postli_1                      0x00000157   Thumb Code     0  __rtentry2.o(.ARM.Collect$$rtentry$$0000000C)
    __rt_exit                                0x0000015f   Thumb Code     0  rtexit.o(.ARM.Collect$$rtexit$$00000000)
    __rt_exit_ls                             0x00000161   Thumb Code     0  rtexit2.o(.ARM.Collect$$rtexit$$00000003)
    __rt_exit_prels_1                        0x00000161   Thumb Code     0  rtexit2.o(.ARM.Collect$$rtexit$$00000002)
    __rt_exit_exit                           0x00000165   Thumb Code     0  rtexit2.o(.ARM.Collect$$rtexit$$00000004)
    Reset_Handler                            0x0000016d   Thumb Code     4  startup_mspm0g350x_uvision.o(.text)
    NMI_Handler                              0x00000171   Thumb Code     2  startup_mspm0g350x_uvision.o(.text)
    HardFault_Handler                        0x00000173   Thumb Code     2  startup_mspm0g350x_uvision.o(.text)
    SVC_Handler                              0x00000175   Thumb Code     2  startup_mspm0g350x_uvision.o(.text)
    PendSV_Handler                           0x00000177   Thumb Code     2  startup_mspm0g350x_uvision.o(.text)
    ADC0_IRQHandler                          0x0000017b   Thumb Code     0  startup_mspm0g350x_uvision.o(.text)
    ADC1_IRQHandler                          0x0000017b   Thumb Code     0  startup_mspm0g350x_uvision.o(.text)
    AES_IRQHandler                           0x0000017b   Thumb Code     0  startup_mspm0g350x_uvision.o(.text)
    CANFD0_IRQHandler                        0x0000017b   Thumb Code     0  startup_mspm0g350x_uvision.o(.text)
    DAC0_IRQHandler                          0x0000017b   Thumb Code     0  startup_mspm0g350x_uvision.o(.text)
    DMA_IRQHandler                           0x0000017b   Thumb Code     0  startup_mspm0g350x_uvision.o(.text)
    Default_Handler                          0x0000017b   Thumb Code     2  startup_mspm0g350x_uvision.o(.text)
    GROUP0_IRQHandler                        0x0000017b   Thumb Code     0  startup_mspm0g350x_uvision.o(.text)
    I2C0_IRQHandler                          0x0000017b   Thumb Code     0  startup_mspm0g350x_uvision.o(.text)
    I2C1_IRQHandler                          0x0000017b   Thumb Code     0  startup_mspm0g350x_uvision.o(.text)
    RTC_IRQHandler                           0x0000017b   Thumb Code     0  startup_mspm0g350x_uvision.o(.text)
    SPI0_IRQHandler                          0x0000017b   Thumb Code     0  startup_mspm0g350x_uvision.o(.text)
    SPI1_IRQHandler                          0x0000017b   Thumb Code     0  startup_mspm0g350x_uvision.o(.text)
    TIMA1_IRQHandler                         0x0000017b   Thumb Code     0  startup_mspm0g350x_uvision.o(.text)
    TIMG0_IRQHandler                         0x0000017b   Thumb Code     0  startup_mspm0g350x_uvision.o(.text)
    TIMG12_IRQHandler                        0x0000017b   Thumb Code     0  startup_mspm0g350x_uvision.o(.text)
    TIMG6_IRQHandler                         0x0000017b   Thumb Code     0  startup_mspm0g350x_uvision.o(.text)
    TIMG7_IRQHandler                         0x0000017b   Thumb Code     0  startup_mspm0g350x_uvision.o(.text)
    TIMG8_IRQHandler                         0x0000017b   Thumb Code     0  startup_mspm0g350x_uvision.o(.text)
    UART0_IRQHandler                         0x0000017b   Thumb Code     0  startup_mspm0g350x_uvision.o(.text)
    UART1_IRQHandler                         0x0000017b   Thumb Code     0  startup_mspm0g350x_uvision.o(.text)
    UART2_IRQHandler                         0x0000017b   Thumb Code     0  startup_mspm0g350x_uvision.o(.text)
    UART3_IRQHandler                         0x0000017b   Thumb Code     0  startup_mspm0g350x_uvision.o(.text)
    __user_initial_stackheap                 0x0000017d   Thumb Code    10  startup_mspm0g350x_uvision.o(.text)
    __use_two_region_memory                  0x0000019d   Thumb Code     2  heapauxi.o(.text)
    __rt_heap_escrow                         0x0000019f   Thumb Code     2  heapauxi.o(.text)
    __rt_heap_expand                         0x000001a1   Thumb Code     2  heapauxi.o(.text)
    __aeabi_fdiv                             0x000001a5   Thumb Code     0  fdiv.o(.text)
    __divsf3                                 0x000001a5   Thumb Code     0  fdiv.o(.text)
    _fdiv                                    0x000001a5   Thumb Code   334  fdiv.o(.text)
    _frdiv                                   0x000002f3   Thumb Code     8  fdiv.o(.text)
    __aeabi_f2iz                             0x00000305   Thumb Code     0  ffixi.o(.text)
    _ffix                                    0x00000305   Thumb Code    76  ffixi.o(.text)
    __aeabi_i2f_normalise                    0x00000351   Thumb Code    72  fflti.o(.text)
    __aeabi_i2f                              0x00000399   Thumb Code    16  fflti.o(.text)
    _fflt                                    0x00000399   Thumb Code     0  fflti.o(.text)
    __aeabi_ui2f                             0x000003a9   Thumb Code     6  fflti.o(.text)
    _ffltu                                   0x000003a9   Thumb Code     0  fflti.o(.text)
    __user_libspace                          0x000003b1   Thumb Code     8  libspace.o(.text)
    __user_perproc_libspace                  0x000003b1   Thumb Code     0  libspace.o(.text)
    __user_perthread_libspace                0x000003b1   Thumb Code     0  libspace.o(.text)
    __fpl_fcmp_InfNaN                        0x000003b9   Thumb Code    96  fcmpin.o(.text)
    __I$use$semihosting                      0x0000041d   Thumb Code     0  use_no_semi.o(.text)
    __use_no_semihosting_swi                 0x0000041d   Thumb Code     2  use_no_semi.o(.text)
    __semihosting_library_function           0x0000041f   Thumb Code     0  indicate_semi.o(.text)
    __user_setup_stackheap                   0x0000041f   Thumb Code    62  sys_stackheap_outer.o(.text)
    exit                                     0x0000045d   Thumb Code    16  exit.o(.text)
    __fpl_cmpreturn                          0x0000046d   Thumb Code    46  cmpret.o(.text)
    __fpl_fcheck_NaN2                        0x0000049d   Thumb Code    10  fnan2.o(.text)
    _sys_exit                                0x000004ad   Thumb Code     8  sys_exit.o(.text)
    __fpl_return_NaN                         0x000004b9   Thumb Code    94  retnan.o(.text)
    Break                                    0x00000517   Thumb Code    28  initialize.o(.text.Break)
    DL_Common_delayCycles                    0x00000533   Thumb Code    10  dl_common.o(.text.DL_Common_delayCycles)
    DL_Timer_initFourCCPWMMode               0x00000871   Thumb Code   264  dl_timer.o(.text.DL_Timer_initFourCCPWMMode)
    DL_Timer_initTimerMode                   0x00000979   Thumb Code   236  dl_timer.o(.text.DL_Timer_initTimerMode)
    DL_Timer_setCaptCompUpdateMethod         0x00000a91   Thumb Code    28  dl_timer.o(.text.DL_Timer_setCaptCompUpdateMethod)
    DL_Timer_setCaptureCompareOutCtl         0x00000aad   Thumb Code    24  dl_timer.o(.text.DL_Timer_setCaptureCompareOutCtl)
    DL_Timer_setCaptureCompareValue          0x00000ac5   Thumb Code    16  dl_timer.o(.text.DL_Timer_setCaptureCompareValue)
    DL_Timer_setClockConfig                  0x00000ad5   Thumb Code    28  dl_timer.o(.text.DL_Timer_setClockConfig)
    DL_UART_init                             0x00000ba1   Thumb Code    72  dl_uart.o(.text.DL_UART_init)
    DL_UART_setClockConfig                   0x00000c4d   Thumb Code    18  dl_uart.o(.text.DL_UART_setClockConfig)
    Delay_ms                                 0x00000c7d   Thumb Code    36  delay.o(.text.Delay_ms)
    Delay_us                                 0x00000ca5   Thumb Code     8  delay.o(.text.Delay_us)
    GROUP1_IRQHandler                        0x00000cad   Thumb Code   160  hall_encoder.o(.text.GROUP1_IRQHandler)
    I2C_Start                                0x00000d55   Thumb Code    60  oled.o(.text.I2C_Start)
    I2C_Stop                                 0x00000d91   Thumb Code    44  oled.o(.text.I2C_Stop)
    LMotorSet                                0x00000dbd   Thumb Code    32  initialize.o(.text.LMotorSet)
    LSet                                     0x00000ddd   Thumb Code    80  initialize.o(.text.LSet)
    MECInit                                  0x00000e2d   Thumb Code    72  initialize.o(.text.MECInit)
    Motion_Car_Control                       0x00000e89   Thumb Code   288  tracking.o(.text.Motion_Car_Control)
    Motor_UI_Init                            0x00000fd1   Thumb Code   138  tb6612fng.o(.text.Motor_UI_Init)
    Motor_UI_Set                             0x0000105d   Thumb Code   178  tb6612fng.o(.text.Motor_UI_Set)
    OLED_Clear                               0x00001111   Thumb Code    56  oled.o(.text.OLED_Clear)
    OLED_I2C_WaitAck                         0x0000114d   Thumb Code    76  oled.o(.text.OLED_I2C_WaitAck)
    OLED_Init                                0x0000119d   Thumb Code   248  oled.o(.text.OLED_Init)
    OLED_Send_Byte                           0x00001295   Thumb Code   132  oled.o(.text.OLED_Send_Byte)
    OLED_Set_Pos                             0x0000131d   Thumb Code    52  oled.o(.text.OLED_Set_Pos)
    OLED_WR_Byte                             0x00001351   Thumb Code   114  oled.o(.text.OLED_WR_Byte)
    OLED_Write_ContinuousCmd                 0x000013c3   Thumb Code   140  oled.o(.text.OLED_Write_ContinuousCmd)
    OLED_Write_ContinuousData_NoAck          0x0000144f   Thumb Code   104  oled.o(.text.OLED_Write_ContinuousData_NoAck)
    PID_IR_Calc_Custom                       0x000014b9   Thumb Code   228  tracking.o(.text.PID_IR_Calc_Custom)
    RMotorSet                                0x000015b5   Thumb Code    32  initialize.o(.text.RMotorSet)
    RSet                                     0x000015d9   Thumb Code    80  initialize.o(.text.RSet)
    Road_detect                              0x0000162d   Thumb Code    96  sensorproc.o(.text.Road_detect)
    SYSCFG_DL_Debug_init                     0x00001691   Thumb Code    52  ti_msp_dl_config.o(.text.SYSCFG_DL_Debug_init)
    SYSCFG_DL_GPIO_init                      0x000016d1   Thumb Code   480  ti_msp_dl_config.o(.text.SYSCFG_DL_GPIO_init)
    SYSCFG_DL_K230_init                      0x000018bd   Thumb Code    60  ti_msp_dl_config.o(.text.SYSCFG_DL_K230_init)
    SYSCFG_DL_Motor_init                     0x00001901   Thumb Code   132  ti_msp_dl_config.o(.text.SYSCFG_DL_Motor_init)
    SYSCFG_DL_SMotor_init                    0x0000198d   Thumb Code   132  ti_msp_dl_config.o(.text.SYSCFG_DL_SMotor_init)
    SYSCFG_DL_SYSCTL_init                    0x00001a19   Thumb Code    50  ti_msp_dl_config.o(.text.SYSCFG_DL_SYSCTL_init)
    SYSCFG_DL_SYSTICK_init                   0x00001a4b   Thumb Code    12  ti_msp_dl_config.o(.text.SYSCFG_DL_SYSTICK_init)
    SYSCFG_DL_TIMER_0_init                   0x00001a59   Thumb Code    48  ti_msp_dl_config.o(.text.SYSCFG_DL_TIMER_0_init)
    SYSCFG_DL_init                           0x00001a91   Thumb Code    60  ti_msp_dl_config.o(.text.SYSCFG_DL_init)
    SYSCFG_DL_initPower                      0x00001ad9   Thumb Code   112  ti_msp_dl_config.o(.text.SYSCFG_DL_initPower)
    SysTick_Handler                          0x00001bad   Thumb Code    40  empty.o(.text.SysTick_Handler)
    TIMA0_IRQHandler                         0x00001bdd   Thumb Code    24  hall_encoder.o(.text.TIMA0_IRQHandler)
    encoder_init                             0x00001cd5   Thumb Code    22  hall_encoder.o(.text.encoder_init)
    encoder_update                           0x00001ced   Thumb Code    24  hall_encoder.o(.text.encoder_update)
    getTrackingSensorData                    0x00001d09   Thumb Code   172  trackingsensor.o(.text.getTrackingSensorData)
    half_Detect                              0x00001dbd   Thumb Code    12  sensorproc.o(.text.half_Detect)
    lineWalking_core                         0x00001dc9   Thumb Code   180  tracking.o(.text.lineWalking_core)
    lineWalking_low                          0x00001e8d   Thumb Code    20  tracking.o(.text.lineWalking_low)
    main                                     0x00001ea5   Thumb Code    48  empty.o(.text.main)
    proB_1                                   0x00001ed9   Thumb Code    76  mode.o(.text.proB_1)
    timer_init                               0x00001f29   Thumb Code    22  hall_encoder.o(.text.timer_init)
    turn_func                                0x00001f41   Thumb Code   128  mode.o(.text.turn_func)
    __aeabi_fcmpge                           0x00001fd1   Thumb Code     0  fcmp.o(i._fgeq)
    _fgeq                                    0x00001fd1   Thumb Code    22  fcmp.o(i._fgeq)
    __aeabi_fcmple                           0x00001fe7   Thumb Code     0  fcmp.o(i._fleq)
    _fleq                                    0x00001fe7   Thumb Code    26  fcmp.o(i._fleq)
    __aeabi_fadd                             0x00002001   Thumb Code     0  faddsub.o(x$fpl$fadd)
    _fadd                                    0x00002001   Thumb Code   134  faddsub.o(x$fpl$fadd)
    _fcmpge                                  0x0000208d   Thumb Code    78  fgef.o(x$fpl$fgeqf)
    __aeabi_cfcmple                          0x000020e1   Thumb Code     0  flef.o(x$fpl$fleqf)
    _fcmple                                  0x000020e1   Thumb Code    78  flef.o(x$fpl$fleqf)
    __aeabi_fmul                             0x00002135   Thumb Code     0  fmul.o(x$fpl$fmul)
    _fmul                                    0x00002135   Thumb Code   172  fmul.o(x$fpl$fmul)
    __aeabi_fsub                             0x000021e5   Thumb Code     0  faddsub.o(x$fpl$fsub)
    _fsub                                    0x000021e5   Thumb Code   204  faddsub.o(x$fpl$fsub)
    __I$use$fp                               0x000022b4   Number         0  usenofp.o(x$fpl$usenofp)
    Region$$Table$$Base                      0x00002360   Number         0  anon$$obj.o(Region$$Table)
    Region$$Table$$Limit                     0x00002370   Number         0  anon$$obj.o(Region$$Table)
    __libspace_start                         0x20200000   Data          96  libspace.o(.bss)
    Digital                                  0x20200060   Data           8  initialize.o(.bss.Digital)
    __temporary_stack_top$libspace           0x20200060   Data           0  libspace.o(.bss)
    Le                                       0x20200068   Data          48  initialize.o(.bss.Le)
    Ri                                       0x20200120   Data          48  initialize.o(.bss.Ri)
    edge                                     0x20200154   Data           4  initialize.o(.bss.edge)
    gMotorBackup                             0x2020015c   Data         160  ti_msp_dl_config.o(.bss.gMotorBackup)
    gSMotorBackup                            0x202001fc   Data         160  ti_msp_dl_config.o(.bss.gSMotorBackup)
    gTIMER_0Backup                           0x2020029c   Data         188  ti_msp_dl_config.o(.bss.gTIMER_0Backup)
    pid_output_IRR                           0x20200368   Data           4  tracking.o(.bss.pid_output_IRR)
    tick                                     0x20200380   Data           4  empty.o(.bss.tick)



==============================================================================

Memory Map of the image

  Image Entry point : 0x000000c1

  Load Region LR_IROM1 (Base: 0x00000000, Size: 0x00002370, Max: 0x00020000, ABSOLUTE)

    Execution Region ER_IROM1 (Exec base: 0x00000000, Load base: 0x00000000, Size: 0x00002370, Max: 0x00020000, ABSOLUTE)

    Exec Addr    Load Addr    Size         Type   Attr      Idx    E Section Name        Object

    0x00000000   0x00000000   0x000000c0   Data   RO           28    RESET               startup_mspm0g350x_uvision.o
    0x000000c0   0x000000c0   0x00000008   Code   RO          868  * !!!main             c_p.l(__main.o)
    0x000000c8   0x000000c8   0x00000054   Code   RO         1416    !!!scatter          c_p.l(__scatter.o)
    0x0000011c   0x0000011c   0x00000004   PAD
    0x00000120   0x00000120   0x00000002   Code   RO         1417    !!handler_null      c_p.l(__scatter.o)
    0x00000122   0x00000122   0x00000006   PAD
    0x00000128   0x00000128   0x0000001c   Code   RO         1420    !!handler_zi        c_p.l(__scatter_zi.o)
    0x00000144   0x00000144   0x00000002   Code   RO         1332    .ARM.Collect$$libinit$$00000000  c_p.l(libinit.o)
    0x00000146   0x00000146   0x00000000   Code   RO         1095    .ARM.Collect$$libinit$$00000002  c_p.l(libinit2.o)
    0x00000146   0x00000146   0x00000000   Code   RO         1097    .ARM.Collect$$libinit$$00000004  c_p.l(libinit2.o)
    0x00000146   0x00000146   0x00000000   Code   RO         1099    .ARM.Collect$$libinit$$00000006  c_p.l(libinit2.o)
    0x00000146   0x00000146   0x00000000   Code   RO         1102    .ARM.Collect$$libinit$$0000000C  c_p.l(libinit2.o)
    0x00000146   0x00000146   0x00000000   Code   RO         1104    .ARM.Collect$$libinit$$0000000E  c_p.l(libinit2.o)
    0x00000146   0x00000146   0x00000000   Code   RO         1106    .ARM.Collect$$libinit$$00000010  c_p.l(libinit2.o)
    0x00000146   0x00000146   0x00000000   Code   RO         1109    .ARM.Collect$$libinit$$00000013  c_p.l(libinit2.o)
    0x00000146   0x00000146   0x00000000   Code   RO         1111    .ARM.Collect$$libinit$$00000015  c_p.l(libinit2.o)
    0x00000146   0x00000146   0x00000000   Code   RO         1113    .ARM.Collect$$libinit$$00000017  c_p.l(libinit2.o)
    0x00000146   0x00000146   0x00000000   Code   RO         1115    .ARM.Collect$$libinit$$00000019  c_p.l(libinit2.o)
    0x00000146   0x00000146   0x00000000   Code   RO         1117    .ARM.Collect$$libinit$$0000001B  c_p.l(libinit2.o)
    0x00000146   0x00000146   0x00000000   Code   RO         1119    .ARM.Collect$$libinit$$0000001D  c_p.l(libinit2.o)
    0x00000146   0x00000146   0x00000000   Code   RO         1121    .ARM.Collect$$libinit$$0000001F  c_p.l(libinit2.o)
    0x00000146   0x00000146   0x00000000   Code   RO         1123    .ARM.Collect$$libinit$$00000021  c_p.l(libinit2.o)
    0x00000146   0x00000146   0x00000000   Code   RO         1125    .ARM.Collect$$libinit$$00000023  c_p.l(libinit2.o)
    0x00000146   0x00000146   0x00000000   Code   RO         1127    .ARM.Collect$$libinit$$00000025  c_p.l(libinit2.o)
    0x00000146   0x00000146   0x00000000   Code   RO         1129    .ARM.Collect$$libinit$$00000027  c_p.l(libinit2.o)
    0x00000146   0x00000146   0x00000000   Code   RO         1133    .ARM.Collect$$libinit$$0000002E  c_p.l(libinit2.o)
    0x00000146   0x00000146   0x00000000   Code   RO         1135    .ARM.Collect$$libinit$$00000030  c_p.l(libinit2.o)
    0x00000146   0x00000146   0x00000000   Code   RO         1137    .ARM.Collect$$libinit$$00000032  c_p.l(libinit2.o)
    0x00000146   0x00000146   0x00000000   Code   RO         1139    .ARM.Collect$$libinit$$00000034  c_p.l(libinit2.o)
    0x00000146   0x00000146   0x00000002   Code   RO         1140    .ARM.Collect$$libinit$$00000035  c_p.l(libinit2.o)
    0x00000148   0x00000148   0x00000002   Code   RO         1414    .ARM.Collect$$libshutdown$$00000000  c_p.l(libshutdown.o)
    0x0000014a   0x0000014a   0x00000000   Code   RO         1366    .ARM.Collect$$libshutdown$$00000002  c_p.l(libshutdown2.o)
    0x0000014a   0x0000014a   0x00000000   Code   RO         1368    .ARM.Collect$$libshutdown$$00000004  c_p.l(libshutdown2.o)
    0x0000014a   0x0000014a   0x00000000   Code   RO         1371    .ARM.Collect$$libshutdown$$00000007  c_p.l(libshutdown2.o)
    0x0000014a   0x0000014a   0x00000000   Code   RO         1374    .ARM.Collect$$libshutdown$$0000000A  c_p.l(libshutdown2.o)
    0x0000014a   0x0000014a   0x00000000   Code   RO         1376    .ARM.Collect$$libshutdown$$0000000C  c_p.l(libshutdown2.o)
    0x0000014a   0x0000014a   0x00000000   Code   RO         1379    .ARM.Collect$$libshutdown$$0000000F  c_p.l(libshutdown2.o)
    0x0000014a   0x0000014a   0x00000002   Code   RO         1380    .ARM.Collect$$libshutdown$$00000010  c_p.l(libshutdown2.o)
    0x0000014c   0x0000014c   0x00000000   Code   RO          965    .ARM.Collect$$rtentry$$00000000  c_p.l(__rtentry.o)
    0x0000014c   0x0000014c   0x00000000   Code   RO         1213    .ARM.Collect$$rtentry$$00000002  c_p.l(__rtentry2.o)
    0x0000014c   0x0000014c   0x00000006   Code   RO         1225    .ARM.Collect$$rtentry$$00000004  c_p.l(__rtentry4.o)
    0x00000152   0x00000152   0x00000000   Code   RO         1215    .ARM.Collect$$rtentry$$00000009  c_p.l(__rtentry2.o)
    0x00000152   0x00000152   0x00000004   Code   RO         1216    .ARM.Collect$$rtentry$$0000000A  c_p.l(__rtentry2.o)
    0x00000156   0x00000156   0x00000000   Code   RO         1218    .ARM.Collect$$rtentry$$0000000C  c_p.l(__rtentry2.o)
    0x00000156   0x00000156   0x00000008   Code   RO         1219    .ARM.Collect$$rtentry$$0000000D  c_p.l(__rtentry2.o)
    0x0000015e   0x0000015e   0x00000002   Code   RO         1346    .ARM.Collect$$rtexit$$00000000  c_p.l(rtexit.o)
    0x00000160   0x00000160   0x00000000   Code   RO         1388    .ARM.Collect$$rtexit$$00000002  c_p.l(rtexit2.o)
    0x00000160   0x00000160   0x00000004   Code   RO         1389    .ARM.Collect$$rtexit$$00000003  c_p.l(rtexit2.o)
    0x00000164   0x00000164   0x00000006   Code   RO         1390    .ARM.Collect$$rtexit$$00000004  c_p.l(rtexit2.o)
    0x0000016a   0x0000016a   0x00000002   PAD
    0x0000016c   0x0000016c   0x00000030   Code   RO           29    .text               startup_mspm0g350x_uvision.o
    0x0000019c   0x0000019c   0x00000006   Code   RO          866    .text               c_p.l(heapauxi.o)
    0x000001a2   0x000001a2   0x00000002   PAD
    0x000001a4   0x000001a4   0x00000160   Code   RO          939    .text               fz_ps.l(fdiv.o)
    0x00000304   0x00000304   0x0000004c   Code   RO          942    .text               fz_ps.l(ffixi.o)
    0x00000350   0x00000350   0x0000005e   Code   RO          946    .text               fz_ps.l(fflti.o)
    0x000003ae   0x000003ae   0x00000002   PAD
    0x000003b0   0x000003b0   0x00000008   Code   RO         1209    .text               c_p.l(libspace.o)
    0x000003b8   0x000003b8   0x00000064   Code   RO         1275    .text               fz_ps.l(fcmpin.o)
    0x0000041c   0x0000041c   0x00000002   Code   RO         1281    .text               c_p.l(use_no_semi.o)
    0x0000041e   0x0000041e   0x00000000   Code   RO         1283    .text               c_p.l(indicate_semi.o)
    0x0000041e   0x0000041e   0x0000003e   Code   RO         1284    .text               c_p.l(sys_stackheap_outer.o)
    0x0000045c   0x0000045c   0x00000010   Code   RO         1313    .text               c_p.l(exit.o)
    0x0000046c   0x0000046c   0x0000002e   Code   RO         1333    .text               fz_ps.l(cmpret.o)
    0x0000049a   0x0000049a   0x00000002   PAD
    0x0000049c   0x0000049c   0x00000010   Code   RO         1337    .text               fz_ps.l(fnan2.o)
    0x000004ac   0x000004ac   0x0000000c   Code   RO         1341    .text               c_p.l(sys_exit.o)
    0x000004b8   0x000004b8   0x0000005e   Code   RO         1381    .text               fz_ps.l(retnan.o)
    0x00000516   0x00000516   0x0000001c   Code   RO          226    .text.Break         initialize.o
    0x00000532   0x00000532   0x0000000a   Code   RO          639    .text.DL_Common_delayCycles  driverlib.a(dl_common.o)
    0x0000053c   0x0000053c   0x00000028   Code   RO          126    .text.DL_Common_updateReg  ti_msp_dl_config.o
    0x00000564   0x00000564   0x00000018   Code   RO           90    .text.DL_GPIO_clearInterruptStatus  ti_msp_dl_config.o
    0x0000057c   0x0000057c   0x0000001c   Code   RO          196    .text.DL_GPIO_clearInterruptStatus  hall_encoder.o
    0x00000598   0x00000598   0x00000014   Code   RO           84    .text.DL_GPIO_clearPins  ti_msp_dl_config.o
    0x000005ac   0x000005ac   0x00000014   Code   RO          163    .text.DL_GPIO_clearPins  tb6612fng.o
    0x000005c0   0x000005c0   0x00000014   Code   RO          597    .text.DL_GPIO_clearPins  oled.o
    0x000005d4   0x000005d4   0x00000018   Code   RO           92    .text.DL_GPIO_enableInterrupt  ti_msp_dl_config.o
    0x000005ec   0x000005ec   0x00000018   Code   RO           74    .text.DL_GPIO_enableOutput  ti_msp_dl_config.o
    0x00000604   0x00000604   0x00000014   Code   RO           66    .text.DL_GPIO_enablePower  ti_msp_dl_config.o
    0x00000618   0x00000618   0x00000018   Code   RO          192    .text.DL_GPIO_getEnabledInterruptStatus  hall_encoder.o
    0x00000630   0x00000630   0x00000030   Code   RO           82    .text.DL_GPIO_initDigitalInputFeatures  ti_msp_dl_config.o
    0x00000660   0x00000660   0x00000014   Code   RO           80    .text.DL_GPIO_initDigitalOutput  ti_msp_dl_config.o
    0x00000674   0x00000674   0x0000002c   Code   RO           78    .text.DL_GPIO_initDigitalOutputFeatures  ti_msp_dl_config.o
    0x000006a0   0x000006a0   0x0000001c   Code   RO           76    .text.DL_GPIO_initPeripheralInputFunction  ti_msp_dl_config.o
    0x000006bc   0x000006bc   0x0000001c   Code   RO           72    .text.DL_GPIO_initPeripheralOutputFunction  ti_msp_dl_config.o
    0x000006d8   0x000006d8   0x00000016   Code   RO          194    .text.DL_GPIO_readPins  hall_encoder.o
    0x000006ee   0x000006ee   0x00000016   Code   RO          451    .text.DL_GPIO_readPins  trackingsensor.o
    0x00000704   0x00000704   0x00000016   Code   RO          603    .text.DL_GPIO_readPins  oled.o
    0x0000071a   0x0000071a   0x00000002   PAD
    0x0000071c   0x0000071c   0x00000010   Code   RO           60    .text.DL_GPIO_reset  ti_msp_dl_config.o
    0x0000072c   0x0000072c   0x0000001c   Code   RO           86    .text.DL_GPIO_setLowerPinsPolarity  ti_msp_dl_config.o
    0x00000748   0x00000748   0x00000014   Code   RO          169    .text.DL_GPIO_setPins  tb6612fng.o
    0x0000075c   0x0000075c   0x00000018   Code   RO          595    .text.DL_GPIO_setPins  oled.o
    0x00000774   0x00000774   0x00000018   Code   RO           88    .text.DL_GPIO_setUpperPinsPolarity  ti_msp_dl_config.o
    0x0000078c   0x0000078c   0x0000000c   Code   RO           98    .text.DL_SYSCTL_disableHFXT  ti_msp_dl_config.o
    0x00000798   0x00000798   0x00000014   Code   RO          100    .text.DL_SYSCTL_disableSYSPLL  ti_msp_dl_config.o
    0x000007ac   0x000007ac   0x00000018   Code   RO           94    .text.DL_SYSCTL_setBORThreshold  ti_msp_dl_config.o
    0x000007c4   0x000007c4   0x00000018   Code   RO          104    .text.DL_SYSCTL_setMCLKDivider  ti_msp_dl_config.o
    0x000007dc   0x000007dc   0x0000001c   Code   RO           96    .text.DL_SYSCTL_setSYSOSCFreq  ti_msp_dl_config.o
    0x000007f8   0x000007f8   0x0000001c   Code   RO          102    .text.DL_SYSCTL_setULPCLKDivider  ti_msp_dl_config.o
    0x00000814   0x00000814   0x00000014   Code   RO          110    .text.DL_Timer_enableClock  ti_msp_dl_config.o
    0x00000828   0x00000828   0x0000001c   Code   RO          114    .text.DL_Timer_enableInterrupt  ti_msp_dl_config.o
    0x00000844   0x00000844   0x00000018   Code   RO           68    .text.DL_Timer_enablePower  ti_msp_dl_config.o
    0x0000085c   0x0000085c   0x00000012   Code   RO          202    .text.DL_Timer_getPendingInterrupt  hall_encoder.o
    0x0000086e   0x0000086e   0x00000002   PAD
    0x00000870   0x00000870   0x00000108   Code   RO          728    .text.DL_Timer_initFourCCPWMMode  driverlib.a(dl_timer.o)
    0x00000978   0x00000978   0x000000ec   Code   RO          652    .text.DL_Timer_initTimerMode  driverlib.a(dl_timer.o)
    0x00000a64   0x00000a64   0x00000018   Code   RO           62    .text.DL_Timer_reset  ti_msp_dl_config.o
    0x00000a7c   0x00000a7c   0x00000014   Code   RO          112    .text.DL_Timer_setCCPDirection  ti_msp_dl_config.o
    0x00000a90   0x00000a90   0x0000001c   Code   RO          694    .text.DL_Timer_setCaptCompUpdateMethod  driverlib.a(dl_timer.o)
    0x00000aac   0x00000aac   0x00000018   Code   RO          702    .text.DL_Timer_setCaptureCompareOutCtl  driverlib.a(dl_timer.o)
    0x00000ac4   0x00000ac4   0x00000010   Code   RO          654    .text.DL_Timer_setCaptureCompareValue  driverlib.a(dl_timer.o)
    0x00000ad4   0x00000ad4   0x0000001c   Code   RO          648    .text.DL_Timer_setClockConfig  driverlib.a(dl_timer.o)
    0x00000af0   0x00000af0   0x00000038   Code   RO          108    .text.DL_Timer_setCounterControl  ti_msp_dl_config.o
    0x00000b28   0x00000b28   0x00000014   Code   RO            4    .text.DL_Timer_startCounter  empty.o
    0x00000b3c   0x00000b3c   0x00000018   Code   RO          165    .text.DL_Timer_startCounter  tb6612fng.o
    0x00000b54   0x00000b54   0x00000016   Code   RO          120    .text.DL_UART_enable  ti_msp_dl_config.o
    0x00000b6a   0x00000b6a   0x00000002   PAD
    0x00000b6c   0x00000b6c   0x0000001c   Code   RO          122    .text.DL_UART_enableInterrupt  ti_msp_dl_config.o
    0x00000b88   0x00000b88   0x00000018   Code   RO           70    .text.DL_UART_enablePower  ti_msp_dl_config.o
    0x00000ba0   0x00000ba0   0x00000048   Code   RO          749    .text.DL_UART_init  driverlib.a(dl_uart.o)
    0x00000be8   0x00000be8   0x00000018   Code   RO           64    .text.DL_UART_reset  ti_msp_dl_config.o
    0x00000c00   0x00000c00   0x0000004c   Code   RO          118    .text.DL_UART_setBaudRateDivisor  ti_msp_dl_config.o
    0x00000c4c   0x00000c4c   0x00000012   Code   RO          751    .text.DL_UART_setClockConfig  driverlib.a(dl_uart.o)
    0x00000c5e   0x00000c5e   0x0000001e   Code   RO          116    .text.DL_UART_setOversampling  ti_msp_dl_config.o
    0x00000c7c   0x00000c7c   0x00000028   Code   RO          150    .text.Delay_ms      delay.o
    0x00000ca4   0x00000ca4   0x00000008   Code   RO          148    .text.Delay_us      delay.o
    0x00000cac   0x00000cac   0x000000a8   Code   RO          190    .text.GROUP1_IRQHandler  hall_encoder.o
    0x00000d54   0x00000d54   0x0000003c   Code   RO          593    .text.I2C_Start     oled.o
    0x00000d90   0x00000d90   0x0000002c   Code   RO          599    .text.I2C_Stop      oled.o
    0x00000dbc   0x00000dbc   0x00000020   Code   RO          218    .text.LMotorSet     initialize.o
    0x00000ddc   0x00000ddc   0x00000050   Code   RO          222    .text.LSet          initialize.o
    0x00000e2c   0x00000e2c   0x0000005c   Code   RO          216    .text.MECInit       initialize.o
    0x00000e88   0x00000e88   0x00000148   Code   RO          318    .text.Motion_Car_Control  tracking.o
    0x00000fd0   0x00000fd0   0x0000008a   Code   RO          161    .text.Motor_UI_Init  tb6612fng.o
    0x0000105a   0x0000105a   0x00000002   PAD
    0x0000105c   0x0000105c   0x000000b2   Code   RO          167    .text.Motor_UI_Set  tb6612fng.o
    0x0000110e   0x0000110e   0x00000002   PAD
    0x00001110   0x00001110   0x0000003c   Code   RO          617    .text.OLED_Clear    oled.o
    0x0000114c   0x0000114c   0x00000050   Code   RO          601    .text.OLED_I2C_WaitAck  oled.o
    0x0000119c   0x0000119c   0x000000f8   Code   RO          627    .text.OLED_Init     oled.o
    0x00001294   0x00001294   0x00000088   Code   RO          605    .text.OLED_Send_Byte  oled.o
    0x0000131c   0x0000131c   0x00000034   Code   RO          609    .text.OLED_Set_Pos  oled.o
    0x00001350   0x00001350   0x00000072   Code   RO          591    .text.OLED_WR_Byte  oled.o
    0x000013c2   0x000013c2   0x0000008c   Code   RO          607    .text.OLED_Write_ContinuousCmd  oled.o
    0x0000144e   0x0000144e   0x00000068   Code   RO          615    .text.OLED_Write_ContinuousData_NoAck  oled.o
    0x000014b6   0x000014b6   0x00000002   PAD
    0x000014b8   0x000014b8   0x000000fc   Code   RO          310    .text.PID_IR_Calc_Custom  tracking.o
    0x000015b4   0x000015b4   0x00000024   Code   RO          220    .text.RMotorSet     initialize.o
    0x000015d8   0x000015d8   0x00000054   Code   RO          224    .text.RSet          initialize.o
    0x0000162c   0x0000162c   0x00000064   Code   RO          375    .text.Road_detect   sensorproc.o
    0x00001690   0x00001690   0x00000040   Code   RO           50    .text.SYSCFG_DL_Debug_init  ti_msp_dl_config.o
    0x000016d0   0x000016d0   0x000001ec   Code   RO           40    .text.SYSCFG_DL_GPIO_init  ti_msp_dl_config.o
    0x000018bc   0x000018bc   0x00000044   Code   RO           52    .text.SYSCFG_DL_K230_init  ti_msp_dl_config.o
    0x00001900   0x00001900   0x0000008c   Code   RO           44    .text.SYSCFG_DL_Motor_init  ti_msp_dl_config.o
    0x0000198c   0x0000198c   0x0000008c   Code   RO           46    .text.SYSCFG_DL_SMotor_init  ti_msp_dl_config.o
    0x00001a18   0x00001a18   0x00000032   Code   RO           42    .text.SYSCFG_DL_SYSCTL_init  ti_msp_dl_config.o
    0x00001a4a   0x00001a4a   0x0000000c   Code   RO           54    .text.SYSCFG_DL_SYSTICK_init  ti_msp_dl_config.o
    0x00001a56   0x00001a56   0x00000002   PAD
    0x00001a58   0x00001a58   0x00000038   Code   RO           48    .text.SYSCFG_DL_TIMER_0_init  ti_msp_dl_config.o
    0x00001a90   0x00001a90   0x00000048   Code   RO           36    .text.SYSCFG_DL_init  ti_msp_dl_config.o
    0x00001ad8   0x00001ad8   0x00000084   Code   RO           38    .text.SYSCFG_DL_initPower  ti_msp_dl_config.o
    0x00001b5c   0x00001b5c   0x00000050   Code   RO          124    .text.SysTick_Config  ti_msp_dl_config.o
    0x00001bac   0x00001bac   0x00000030   Code   RO           12    .text.SysTick_Handler  empty.o
    0x00001bdc   0x00001bdc   0x0000001c   Code   RO          200    .text.TIMA0_IRQHandler  hall_encoder.o
    0x00001bf8   0x00001bf8   0x0000002c   Code   RO          180    .text.__NVIC_ClearPendingIRQ  hall_encoder.o
    0x00001c24   0x00001c24   0x0000002c   Code   RO          182    .text.__NVIC_EnableIRQ  hall_encoder.o
    0x00001c50   0x00001c50   0x00000084   Code   RO          106    .text.__NVIC_SetPriority  ti_msp_dl_config.o
    0x00001cd4   0x00001cd4   0x00000016   Code   RO          178    .text.encoder_init  hall_encoder.o
    0x00001cea   0x00001cea   0x00000002   PAD
    0x00001cec   0x00001cec   0x0000001c   Code   RO          188    .text.encoder_update  hall_encoder.o
    0x00001d08   0x00001d08   0x000000b4   Code   RO          449    .text.getTrackingSensorData  trackingsensor.o
    0x00001dbc   0x00001dbc   0x0000000c   Code   RO          377    .text.half_Detect   sensorproc.o
    0x00001dc8   0x00001dc8   0x000000c4   Code   RO          314    .text.lineWalking_core  tracking.o
    0x00001e8c   0x00001e8c   0x00000018   Code   RO          316    .text.lineWalking_low  tracking.o
    0x00001ea4   0x00001ea4   0x00000034   Code   RO            2    .text.main          empty.o
    0x00001ed8   0x00001ed8   0x00000050   Code   RO          515    .text.proB_1        mode.o
    0x00001f28   0x00001f28   0x00000016   Code   RO          198    .text.timer_init    hall_encoder.o
    0x00001f3e   0x00001f3e   0x00000002   PAD
    0x00001f40   0x00001f40   0x00000090   Code   RO          511    .text.turn_func     mode.o
    0x00001fd0   0x00001fd0   0x00000016   Code   RO          922    i._fgeq             fz_ps.l(fcmp.o)
    0x00001fe6   0x00001fe6   0x0000001a   Code   RO          924    i._fleq             fz_ps.l(fcmp.o)
    0x00002000   0x00002000   0x0000008c   Code   RO          909    x$fpl$fadd          fz_ps.l(faddsub.o)
    0x0000208c   0x0000208c   0x00000054   Code   RO         1151    x$fpl$fgeqf         fz_ps.l(fgef.o)
    0x000020e0   0x000020e0   0x00000054   Code   RO         1153    x$fpl$fleqf         fz_ps.l(flef.o)
    0x00002134   0x00002134   0x000000b0   Code   RO          948    x$fpl$fmul          fz_ps.l(fmul.o)
    0x000021e4   0x000021e4   0x000000d0   Code   RO          911    x$fpl$fsub          fz_ps.l(faddsub.o)
    0x000022b4   0x000022b4   0x00000000   Code   RO         1165    x$fpl$usenofp       fz_ps.l(usenofp.o)
    0x000022b4   0x000022b4   0x00000040   Data   RO          940    .constdata          fz_ps.l(fdiv.o)
    0x000022f4   0x000022f4   0x00000020   Data   RO          326    .rodata.cst32       tracking.o
    0x00002314   0x00002314   0x00000002   Data   RO          137    .rodata.gDebugClockConfig  ti_msp_dl_config.o
    0x00002316   0x00002316   0x0000000a   Data   RO          138    .rodata.gDebugConfig  ti_msp_dl_config.o
    0x00002320   0x00002320   0x00000002   Data   RO          139    .rodata.gK230ClockConfig  ti_msp_dl_config.o
    0x00002322   0x00002322   0x0000000a   Data   RO          140    .rodata.gK230Config  ti_msp_dl_config.o
    0x0000232c   0x0000232c   0x00000003   Data   RO          131    .rodata.gMotorClockConfig  ti_msp_dl_config.o
    0x0000232f   0x0000232f   0x00000001   PAD
    0x00002330   0x00002330   0x00000008   Data   RO          132    .rodata.gMotorConfig  ti_msp_dl_config.o
    0x00002338   0x00002338   0x00000003   Data   RO          133    .rodata.gSMotorClockConfig  ti_msp_dl_config.o
    0x0000233b   0x0000233b   0x00000001   PAD
    0x0000233c   0x0000233c   0x00000008   Data   RO          134    .rodata.gSMotorConfig  ti_msp_dl_config.o
    0x00002344   0x00002344   0x00000003   Data   RO          135    .rodata.gTIMER_0ClockConfig  ti_msp_dl_config.o
    0x00002347   0x00002347   0x00000001   PAD
    0x00002348   0x00002348   0x00000014   Data   RO          136    .rodata.gTIMER_0TimerConfig  ti_msp_dl_config.o
    0x0000235c   0x0000235c   0x00000004   PAD
    0x00002360   0x00002360   0x00000010   Data   RO         1415    Region$$Table       anon$$obj.o


    Execution Region RW_IRAM2 (Exec base: 0x20200000, Load base: 0x00002370, Size: 0x00002390, Max: 0x00008000, ABSOLUTE)

    Exec Addr    Load Addr    Size         Type   Attr      Idx    E Section Name        Object

    0x20200000        -       0x00000060   Zero   RW         1210    .bss                c_p.l(libspace.o)
    0x20200060        -       0x00000008   Zero   RW          241    .bss.Digital        initialize.o
    0x20200068        -       0x00000030   Zero   RW          235    .bss.Le             initialize.o
    0x20200098        -       0x00000080   Zero   RW          631    .bss.OLED_Clear.clear_buf  oled.o
    0x20200118        -       0x00000004   Zero   RW          325    .bss.PID_IR_Calc_Custom.Integral  tracking.o
    0x2020011c        -       0x00000002   Zero   RW          324    .bss.PID_IR_Calc_Custom.error_last  tracking.o
    0x2020011e   0x00002370   0x00000002   PAD
    0x20200120        -       0x00000030   Zero   RW          236    .bss.Ri             initialize.o
    0x20200150        -       0x00000004   Zero   RW           14    .bss.SysTick_Handler.k  empty.o
    0x20200154        -       0x00000004   Zero   RW          234    .bss.edge           initialize.o
    0x20200158        -       0x00000001   Zero   RW          327    .bss.err            tracking.o
    0x20200159   0x00002370   0x00000003   PAD
    0x2020015c        -       0x000000a0   Zero   RW          128    .bss.gMotorBackup   ti_msp_dl_config.o
    0x202001fc        -       0x000000a0   Zero   RW          129    .bss.gSMotorBackup  ti_msp_dl_config.o
    0x2020029c        -       0x000000bc   Zero   RW          130    .bss.gTIMER_0Backup  ti_msp_dl_config.o
    0x20200358        -       0x00000010   Zero   RW          206    .bss.motor_encoder  hall_encoder.o
    0x20200368        -       0x00000004   Zero   RW          322    .bss.pid_output_IRR  tracking.o
    0x2020036c        -       0x00000004   Zero   RW          331    .bss.speed_L2_setup  tracking.o
    0x20200370        -       0x00000004   Zero   RW          332    .bss.speed_R2_setup  tracking.o
    0x20200374        -       0x00000004   Zero   RW          329    .bss.speed_fb       tracking.o
    0x20200378        -       0x00000004   Zero   RW          328    .bss.speed_lr       tracking.o
    0x2020037c        -       0x00000004   Zero   RW          330    .bss.speed_spin     tracking.o
    0x20200380        -       0x00000004   Zero   RW           15    .bss.tick           empty.o
    0x20200384        -       0x00000004   Zero   RW          530    .bss.turn_func.isturn  mode.o
    0x20200388        -       0x00000004   Zero   RW          531    .bss.turn_func.starttime  mode.o
    0x2020038c   0x00002370   0x00000004   PAD
    0x20200390        -       0x00001000   Zero   RW           27    HEAP                startup_mspm0g350x_uvision.o
    0x20201390        -       0x00001000   Zero   RW           26    STACK               startup_mspm0g350x_uvision.o



  Load Region LR_BCR (Base: 0x41c00000, Size: 0x00000000, Max: 0x00000100, ABSOLUTE)

    Execution Region BCR_CONFIG (Exec base: 0x41c00000, Load base: 0x41c00000, Size: 0x00000000, Max: 0x000000ff, ABSOLUTE)

    **** No section assigned to this execution region ****



  Load Region LR_BSL (Base: 0x41c00100, Size: 0x00000000, Max: 0x00000100, ABSOLUTE)

    Execution Region BSL_CONFIG (Exec base: 0x41c00100, Load base: 0x41c00100, Size: 0x00000000, Max: 0x00000080, ABSOLUTE)

    **** No section assigned to this execution region ****


==============================================================================

Image component sizes


      Code (inc. data)   RO Data    RW Data    ZI Data      Debug   Object Name

        48          4          0          0          0        818   delay.o
       120         12          0          0          8       5967   empty.o
       448         32          0          0         16       9211   hall_encoder.o
       352         28          0          0        108       7891   initialize.o
       224         20          0          0          8       2145   mode.o
      1104         16          0          0        128       7579   oled.o
       112          4          0          0          0       2330   sensorproc.o
        48         22        192          0       8192        696   startup_mspm0g350x_uvision.o
       380         24          0          0          0       6919   tb6612fng.o
      2338        200         69          0        508      26676   ti_msp_dl_config.o
       800         84         32          0         31       2403   tracking.o
       202          8          0          0          0       3712   trackingsensor.o

    ----------------------------------------------------------------------
      6194        454        316          0       9008      76347   Object Totals
         0          0         16          0          0          0   (incl. Generated)
        18          0          7          0          9          0   (incl. Padding)

    ----------------------------------------------------------------------

      Code (inc. data)   RO Data    RW Data    ZI Data      Debug   Library Member Name

         8          0          0          0          0         68   __main.o
         0          0          0          0          0          0   __rtentry.o
        12          0          0          0          0          0   __rtentry2.o
         6          0          0          0          0          0   __rtentry4.o
        86         10          0          0          0          0   __scatter.o
        28          0          0          0          0          0   __scatter_zi.o
        16          0          0          0          0         68   exit.o
         6          0          0          0          0        136   heapauxi.o
         0          0          0          0          0          0   indicate_semi.o
         2          0          0          0          0          0   libinit.o
         2          0          0          0          0          0   libinit2.o
         2          0          0          0          0          0   libshutdown.o
         2          0          0          0          0          0   libshutdown2.o
         8          4          0          0         96         68   libspace.o
         2          0          0          0          0          0   rtexit.o
        10          0          0          0          0          0   rtexit2.o
        12          4          0          0          0         60   sys_exit.o
        62          0          0          0          0         80   sys_stackheap_outer.o
         2          0          0          0          0         68   use_no_semi.o
        10          0          0          0          0        791   dl_common.o
       596        188          0          0          0      41545   dl_timer.o
        90          8          0          0          0      14151   dl_uart.o
        46          0          0          0          0         60   cmpret.o
       348          8          0          0          0        160   faddsub.o
        48          0          0          0          0        136   fcmp.o
       100          4          0          0          0         68   fcmpin.o
       352         10         64          0          0         92   fdiv.o
        76          0          0          0          0         68   ffixi.o
        94          0          0          0          0         92   fflti.o
        84          4          0          0          0         76   fgef.o
        84          4          0          0          0         76   flef.o
       176          4          0          0          0         80   fmul.o
        16          6          0          0          0         68   fnan2.o
        94          0          0          0          0         68   retnan.o
         0          0          0          0          0          0   usenofp.o

    ----------------------------------------------------------------------
      2498        258         64          0         96      58079   Library Totals
        18          4          0          0          0          0   (incl. Padding)

    ----------------------------------------------------------------------

      Code (inc. data)   RO Data    RW Data    ZI Data      Debug   Library Name

       266         18          0          0         96        548   c_p.l
       696        196          0          0          0      56487   driverlib.a
      1518         40         64          0          0       1044   fz_ps.l

    ----------------------------------------------------------------------
      2498        258         64          0         96      58079   Library Totals

    ----------------------------------------------------------------------

==============================================================================


      Code (inc. data)   RO Data    RW Data    ZI Data      Debug   

      8692        712        380          0       9104     133418   Grand Totals
      8692        712        380          0       9104     133418   ELF Image Totals
      8692        712        380          0          0          0   ROM Totals

==============================================================================

    Total RO  Size (Code + RO Data)                 9072 (   8.86kB)
    Total RW  Size (RW Data + ZI Data)              9104 (   8.89kB)
    Total ROM Size (Code + RO Data + RW Data)       9072 (   8.86kB)

==============================================================================

